"../../../Engine/Plugins/2D/Paper2D/Content/PlaceholderTextures/DummySpriteTexture.ubulk" 0
"../../../Engine/Plugins/2D/Paper2D/Content/PlaceholderTextures/DummySpriteTexture.uasset" 1
"../../../Engine/Plugins/2D/Paper2D/Content/PlaceholderTextures/DummySpriteTexture.uexp" 2
"../../../Engine/Plugins/2D/Paper2D/Content/DummySprite.uasset" 3
"../../../Engine/Plugins/2D/Paper2D/Content/DummySprite.uexp" 4
"../../../Engine/Plugins/2D/Paper2D/Content/DefaultPaperTerrainMaterial.uasset" 5
"../../../Engine/Plugins/2D/Paper2D/Content/DefaultPaperTerrainMaterial.uexp" 6
"../../../Engine/Content/Animation/DefaultRecorderBoneCompression.uasset" 7
"../../../Engine/Content/Animation/DefaultRecorderBoneCompression.uexp" 8
"../../../Engine/Content/EngineSounds/Master.uasset" 9
"../../../Engine/Content/EngineSounds/Master.uexp" 10
"../../../Engine/Content/EngineMaterials/DefaultPhysicalMaterial.uasset" 11
"../../../Engine/Content/EngineMaterials/DefaultPhysicalMaterial.uexp" 12
"../../../Engine/Content/EngineMaterials/DefaultDestructiblePhysicalMaterial.uasset" 13
"../../../Engine/Content/EngineMaterials/DefaultDestructiblePhysicalMaterial.uexp" 14
"../../../Engine/Content/EngineFonts/Faces/DroidSansFallback.uexp" 15
"../../../Engine/Content/EngineFonts/Faces/DroidSansFallback.uasset" 16
"../../../Engine/Content/EngineFonts/Faces/DroidSansFallback.ufont" 17
"../../../Engine/Content/EngineFonts/Faces/RobotoBold.uexp" 18
"../../../Engine/Content/EngineFonts/Faces/RobotoBold.uasset" 19
"../../../Engine/Content/EngineFonts/Faces/RobotoBold.ufont" 20
"../../../Engine/Content/EngineFonts/Faces/RobotoBoldItalic.uexp" 21
"../../../Engine/Content/EngineFonts/Faces/RobotoBoldItalic.uasset" 22
"../../../Engine/Content/EngineFonts/Faces/RobotoBoldItalic.ufont" 23
"../../../Engine/Content/EngineFonts/Faces/RobotoItalic.uexp" 24
"../../../Engine/Content/EngineFonts/Faces/RobotoItalic.uasset" 25
"../../../Engine/Content/EngineFonts/Faces/RobotoItalic.ufont" 26
"../../../Engine/Content/EngineFonts/Faces/RobotoLight.uexp" 27
"../../../Engine/Content/EngineFonts/Faces/RobotoLight.uasset" 28
"../../../Engine/Content/EngineFonts/Faces/RobotoLight.ufont" 29
"../../../Engine/Content/EngineFonts/Faces/RobotoRegular.uexp" 30
"../../../Engine/Content/EngineFonts/Faces/RobotoRegular.uasset" 31
"../../../Engine/Content/EngineFonts/Faces/RobotoRegular.ufont" 32
"../../../Engine/Content/EngineFonts/Roboto.uasset" 33
"../../../Engine/Content/EngineFonts/Roboto.uexp" 34
"../../../Engine/Content/EngineFonts/Faces/DroidSansMono.uexp" 35
"../../../Engine/Content/EngineFonts/Faces/DroidSansMono.uasset" 36
"../../../Engine/Content/EngineFonts/Faces/DroidSansMono.ufont" 37
"../../../Engine/Content/EngineFonts/DroidSansMono.uasset" 38
"../../../Engine/Content/EngineFonts/DroidSansMono.uexp" 39
"../../../Engine/Plugins/Interchange/Runtime/Content/Pipelines/DefaultTexturePipeline.uasset" 40
"../../../Engine/Plugins/Interchange/Runtime/Content/Pipelines/DefaultTexturePipeline.uexp" 41
"../../../Engine/Plugins/Interchange/Runtime/Content/Pipelines/DefaultSceneLevelPipeline.uasset" 42
"../../../Engine/Plugins/Interchange/Runtime/Content/Pipelines/DefaultSceneLevelPipeline.uexp" 43
"../../../Engine/Plugins/Interchange/Runtime/Content/Pipelines/DefaultSceneAssetsPipeline.uasset" 44
"../../../Engine/Plugins/Interchange/Runtime/Content/Pipelines/DefaultSceneAssetsPipeline.uexp" 45
"../../../Engine/Plugins/Interchange/Runtime/Content/Pipelines/DefaultMaterialXPipeline.uasset" 46
"../../../Engine/Plugins/Interchange/Runtime/Content/Pipelines/DefaultMaterialXPipeline.uexp" 47
"../../../Engine/Plugins/Interchange/Runtime/Content/Pipelines/DefaultMaterialPipeline.uasset" 48
"../../../Engine/Plugins/Interchange/Runtime/Content/Pipelines/DefaultMaterialPipeline.uexp" 49
"../../../Engine/Plugins/Interchange/Runtime/Content/Pipelines/DefaultGLTFSceneAssetsPipeline.uasset" 50
"../../../Engine/Plugins/Interchange/Runtime/Content/Pipelines/DefaultGLTFSceneAssetsPipeline.uexp" 51
"../../../Engine/Plugins/Interchange/Runtime/Content/Pipelines/DefaultGLTFPipeline.uasset" 52
"../../../Engine/Plugins/Interchange/Runtime/Content/Pipelines/DefaultGLTFPipeline.uexp" 53
"../../../Engine/Plugins/Interchange/Runtime/Content/Pipelines/DefaultGLTFAssetsPipeline.uasset" 54
"../../../Engine/Plugins/Interchange/Runtime/Content/Pipelines/DefaultGLTFAssetsPipeline.uexp" 55
"../../../Engine/Plugins/Interchange/Runtime/Content/Pipelines/DefaultAssetsPipeline.uasset" 56
"../../../Engine/Plugins/Interchange/Runtime/Content/Pipelines/DefaultAssetsPipeline.uexp" 57
"../../../Engine/Plugins/Animation/ControlRig/Content/Controls/DefaultGizmoLibraryNormalized.uasset" 58
"../../../Engine/Plugins/Animation/ControlRig/Content/Controls/DefaultGizmoLibraryNormalized.uexp" 59
"../../../Engine/Content/MobileResources/HUD/VirtualJoystick_Thumb.uasset" 60
"../../../Engine/Content/MobileResources/HUD/VirtualJoystick_Thumb.uexp" 61
"../../../Engine/Content/MobileResources/HUD/VirtualJoystick_Background.uasset" 62
"../../../Engine/Content/MobileResources/HUD/VirtualJoystick_Background.uexp" 63
"../../../Engine/Content/MobileResources/HUD/DefaultVirtualJoysticks.uasset" 64
"../../../Engine/Content/MobileResources/HUD/DefaultVirtualJoysticks.uexp" 65
"../../../Engine/Content/EngineResources/GradientTexture0.uasset" 66
"../../../Engine/Content/EngineResources/GradientTexture0.uexp" 67
"../../../Engine/Content/EngineResources/Black.uasset" 68
"../../../Engine/Content/EngineResources/Black.uexp" 69
"../../../Engine/Plugins/NNE/NNEDenoiser/Content/NNEDTOM_Output_Default.uasset" 70
"../../../Engine/Plugins/NNE/NNEDenoiser/Content/NNEDTOM_Output_Default.uexp" 71
"../../../Engine/Plugins/NNE/NNEDenoiser/Content/NNEDTOM_Output_Alpha.uasset" 72
"../../../Engine/Plugins/NNE/NNEDenoiser/Content/NNEDTOM_Output_Alpha.uexp" 73
"../../../Engine/Plugins/NNE/NNEDenoiser/Content/NNEDTIM_ColorAlbedoNormal_Default.uasset" 74
"../../../Engine/Plugins/NNE/NNEDenoiser/Content/NNEDTIM_ColorAlbedoNormal_Default.uexp" 75
"../../../Engine/Plugins/NNE/NNEDenoiser/Content/NNEDTIM_ColorAlbedoNormal_Alpha.uasset" 76
"../../../Engine/Plugins/NNE/NNEDenoiser/Content/NNEDTIM_ColorAlbedoNormal_Alpha.uexp" 77
"../../../Engine/Plugins/NNE/NNEDenoiser/Content/NNEDOM_Output_Default.uasset" 78
"../../../Engine/Plugins/NNE/NNEDenoiser/Content/NNEDOM_Output_Default.uexp" 79
"../../../Engine/Plugins/NNE/NNEDenoiser/Content/NNEDOM_Output_Alpha.uasset" 80
"../../../Engine/Plugins/NNE/NNEDenoiser/Content/NNEDOM_Output_Alpha.uexp" 81
"../../../Engine/Plugins/NNE/NNEDenoiser/Content/NNEDIM_HighQuality_Default.uasset" 82
"../../../Engine/Plugins/NNE/NNEDenoiser/Content/NNEDIM_HighQuality_Default.uexp" 83
"../../../Engine/Plugins/NNE/NNEDenoiser/Content/NNEDIM_HighQuality_Alpha.uasset" 84
"../../../Engine/Plugins/NNE/NNEDenoiser/Content/NNEDIM_HighQuality_Alpha.uexp" 85
"../../../Engine/Plugins/NNE/NNEDenoiser/Content/NNEDIM_ColorAlbedoNormal_Default.uasset" 86
"../../../Engine/Plugins/NNE/NNEDenoiser/Content/NNEDIM_ColorAlbedoNormal_Default.uexp" 87
"../../../Engine/Plugins/NNE/NNEDenoiser/Content/NNEDIM_ColorAlbedoNormal_Alpha.uasset" 88
"../../../Engine/Plugins/NNE/NNEDenoiser/Content/NNEDIM_ColorAlbedoNormal_Alpha.uexp" 89
"../../../Engine/Content/EngineResources/DefaultTexture.ubulk" 90
"../../../Engine/Content/EngineResources/DefaultTexture.uasset" 91
"../../../Engine/Content/EngineResources/DefaultTexture.uexp" 92
"../../../Engine/Content/EngineMaterials/PreintegratedSkinBRDF.uasset" 93
"../../../Engine/Content/EngineMaterials/PreintegratedSkinBRDF.uexp" 94
"../../../Engine/Content/EngineMaterials/MiniFont.uasset" 95
"../../../Engine/Content/EngineMaterials/MiniFont.uexp" 96
"../../../Engine/Content/EngineMaterials/FastBlueNoise_vec2_128x128x64.uasset" 97
"../../../Engine/Content/EngineMaterials/FastBlueNoise_vec2_128x128x64.uexp" 98
"../../../Engine/Content/EngineMaterials/FastBlueNoise_scalar_128x128x8.uasset" 99
"../../../Engine/Content/EngineMaterials/FastBlueNoise_scalar_128x128x8.uexp" 100
"../../../Engine/Content/EngineMaterials/FastBlueNoise_scalar_128x128x64.uasset" 101
"../../../Engine/Content/EngineMaterials/FastBlueNoise_scalar_128x128x64.uexp" 102
"../../../Engine/Content/EngineMaterials/DefaultWhiteGrid.ubulk" 103
"../../../Engine/Content/EngineMaterials/DefaultWhiteGrid.uasset" 104
"../../../Engine/Content/EngineMaterials/DefaultWhiteGrid.uexp" 105
"../../../Engine/Content/EngineMaterials/DefaultBokeh.uasset" 106
"../../../Engine/Content/EngineMaterials/DefaultBokeh.uexp" 107
"../../../Engine/Content/EngineMaterials/DefaultBloomKernel.uasset" 108
"../../../Engine/Content/EngineMaterials/DefaultBloomKernel.uexp" 109
"../../../Engine/Content/EngineDamageTypes/DmgTypeBP_Environmental.uasset" 110
"../../../Engine/Content/EngineDamageTypes/DmgTypeBP_Environmental.uexp" 111
"C:/Users/PC/Documents/Unreal Projects/SafeRun/Content/Sounds/echoes-of-tranquility_88916.ubulk" 112
"C:/Users/PC/Documents/Unreal Projects/SafeRun/Content/Sounds/echoes-of-tranquility_88916.uasset" 113
"C:/Users/PC/Documents/Unreal Projects/SafeRun/Content/Sounds/echoes-of-tranquility_88916.uexp" 114
"C:/Users/PC/Documents/Unreal Projects/SafeRun/Content/Sounds/SC_MainMenu.uasset" 115
"C:/Users/PC/Documents/Unreal Projects/SafeRun/Content/Sounds/SC_MainMenu.uexp" 116
"C:/Users/PC/Documents/Unreal Projects/SafeRun/Content/MainCharacter/WB_Pause.uasset" 117
"C:/Users/PC/Documents/Unreal Projects/SafeRun/Content/MainCharacter/WB_Pause.uexp" 118
"C:/Users/PC/Documents/Unreal Projects/SafeRun/Content/MainCharacter/Ch44_nonPBR_Skeleton.uasset" 119
"C:/Users/PC/Documents/Unreal Projects/SafeRun/Content/MainCharacter/Ch44_nonPBR_Skeleton.uexp" 120
"C:/Users/PC/Documents/Unreal Projects/SafeRun/Content/MainCharacter/Ch44_nonPBR_PhysicsAsset.uasset" 121
"C:/Users/PC/Documents/Unreal Projects/SafeRun/Content/MainCharacter/Ch44_nonPBR_PhysicsAsset.uexp" 122
"../../../Engine/Plugins/Interchange/Assets/Content/Functions/MF_PhongToMetalRoughness.uasset" 123
"../../../Engine/Plugins/Interchange/Assets/Content/Functions/MF_PhongToMetalRoughness.uexp" 124
"C:/Users/PC/Documents/Unreal Projects/SafeRun/Content/MainCharacter/Textures/Ch44_1001_Specular.ubulk" 125
"C:/Users/PC/Documents/Unreal Projects/SafeRun/Content/MainCharacter/Textures/Ch44_1001_Specular.uasset" 126
"C:/Users/PC/Documents/Unreal Projects/SafeRun/Content/MainCharacter/Textures/Ch44_1001_Specular.uexp" 127
"C:/Users/PC/Documents/Unreal Projects/SafeRun/Content/MainCharacter/Textures/Ch44_1001_Normal.ubulk" 128
"C:/Users/PC/Documents/Unreal Projects/SafeRun/Content/MainCharacter/Textures/Ch44_1001_Normal.uasset" 129
"C:/Users/PC/Documents/Unreal Projects/SafeRun/Content/MainCharacter/Textures/Ch44_1001_Normal.uexp" 130
"C:/Users/PC/Documents/Unreal Projects/SafeRun/Content/MainCharacter/Textures/Ch44_1001_Glossiness.ubulk" 131
"C:/Users/PC/Documents/Unreal Projects/SafeRun/Content/MainCharacter/Textures/Ch44_1001_Glossiness.uasset" 132
"C:/Users/PC/Documents/Unreal Projects/SafeRun/Content/MainCharacter/Textures/Ch44_1001_Glossiness.uexp" 133
"C:/Users/PC/Documents/Unreal Projects/SafeRun/Content/MainCharacter/Textures/Ch44_1001_Emissive.ubulk" 134
"C:/Users/PC/Documents/Unreal Projects/SafeRun/Content/MainCharacter/Textures/Ch44_1001_Emissive.uasset" 135
"C:/Users/PC/Documents/Unreal Projects/SafeRun/Content/MainCharacter/Textures/Ch44_1001_Emissive.uexp" 136
"C:/Users/PC/Documents/Unreal Projects/SafeRun/Content/MainCharacter/Textures/Ch44_1001_Diffuse.ubulk" 137
"C:/Users/PC/Documents/Unreal Projects/SafeRun/Content/MainCharacter/Textures/Ch44_1001_Diffuse.uasset" 138
"C:/Users/PC/Documents/Unreal Projects/SafeRun/Content/MainCharacter/Textures/Ch44_1001_Diffuse.uexp" 139
"C:/Users/PC/Documents/Unreal Projects/SafeRun/Content/MainCharacter/Textures/Ch44_body1.uasset" 140
"C:/Users/PC/Documents/Unreal Projects/SafeRun/Content/MainCharacter/Textures/Ch44_body1.uexp" 141
"C:/Users/PC/Documents/Unreal Projects/SafeRun/Content/MainCharacter/Textures/Ch44_1002_Specular.ubulk" 142
"C:/Users/PC/Documents/Unreal Projects/SafeRun/Content/MainCharacter/Textures/Ch44_1002_Specular.uasset" 143
"C:/Users/PC/Documents/Unreal Projects/SafeRun/Content/MainCharacter/Textures/Ch44_1002_Specular.uexp" 144
"C:/Users/PC/Documents/Unreal Projects/SafeRun/Content/MainCharacter/Textures/Ch44_1002_Normal.ubulk" 145
"C:/Users/PC/Documents/Unreal Projects/SafeRun/Content/MainCharacter/Textures/Ch44_1002_Normal.uasset" 146
"C:/Users/PC/Documents/Unreal Projects/SafeRun/Content/MainCharacter/Textures/Ch44_1002_Normal.uexp" 147
"C:/Users/PC/Documents/Unreal Projects/SafeRun/Content/MainCharacter/Textures/Ch44_1002_Glossiness.ubulk" 148
"C:/Users/PC/Documents/Unreal Projects/SafeRun/Content/MainCharacter/Textures/Ch44_1002_Glossiness.uasset" 149
"C:/Users/PC/Documents/Unreal Projects/SafeRun/Content/MainCharacter/Textures/Ch44_1002_Glossiness.uexp" 150
"C:/Users/PC/Documents/Unreal Projects/SafeRun/Content/MainCharacter/Textures/Ch44_1002_Emissive.ubulk" 151
"C:/Users/PC/Documents/Unreal Projects/SafeRun/Content/MainCharacter/Textures/Ch44_1002_Emissive.uasset" 152
"C:/Users/PC/Documents/Unreal Projects/SafeRun/Content/MainCharacter/Textures/Ch44_1002_Emissive.uexp" 153
"C:/Users/PC/Documents/Unreal Projects/SafeRun/Content/MainCharacter/Textures/Ch44_1002_Diffuse.ubulk" 154
"C:/Users/PC/Documents/Unreal Projects/SafeRun/Content/MainCharacter/Textures/Ch44_1002_Diffuse.uasset" 155
"C:/Users/PC/Documents/Unreal Projects/SafeRun/Content/MainCharacter/Textures/Ch44_1002_Diffuse.uexp" 156
"C:/Users/PC/Documents/Unreal Projects/SafeRun/Content/MainCharacter/Textures/Ch44_Body.uasset" 157
"C:/Users/PC/Documents/Unreal Projects/SafeRun/Content/MainCharacter/Textures/Ch44_Body.uexp" 158
"C:/Users/PC/Documents/Unreal Projects/SafeRun/Content/MainCharacter/Ch44_nonPBR.uasset" 159
"C:/Users/PC/Documents/Unreal Projects/SafeRun/Content/MainCharacter/Ch44_nonPBR.uexp" 160
"../../../Engine/Plugins/Animation/ACLPlugin/Content/ACLAnimCurveCompressionSettings.uasset" 161
"../../../Engine/Plugins/Animation/ACLPlugin/Content/ACLAnimCurveCompressionSettings.uexp" 162
"../../../Engine/Plugins/Animation/ACLPlugin/Content/ACLAnimBoneCompressionSettings.uasset" 163
"../../../Engine/Plugins/Animation/ACLPlugin/Content/ACLAnimBoneCompressionSettings.uexp" 164
"../../../Engine/Content/Animation/DefaultVariableFrameStrippingSettings.uasset" 165
"../../../Engine/Content/Animation/DefaultVariableFrameStrippingSettings.uexp" 166
"C:/Users/PC/Documents/Unreal Projects/SafeRun/Content/Sounds/silent-step.ubulk" 167
"C:/Users/PC/Documents/Unreal Projects/SafeRun/Content/Sounds/silent-step.uasset" 168
"C:/Users/PC/Documents/Unreal Projects/SafeRun/Content/Sounds/silent-step.uexp" 169
"C:/Users/PC/Documents/Unreal Projects/SafeRun/Content/MainCharacter/Animation/Jumping.uasset" 170
"C:/Users/PC/Documents/Unreal Projects/SafeRun/Content/MainCharacter/Animation/Jumping.uexp" 171
"C:/Users/PC/Documents/Unreal Projects/SafeRun/Content/MainCharacter/Animation/Walking_Backward.uasset" 172
"C:/Users/PC/Documents/Unreal Projects/SafeRun/Content/MainCharacter/Animation/Walking_Backward.uexp" 173
"C:/Users/PC/Documents/Unreal Projects/SafeRun/Content/MainCharacter/Animation/Walking.uasset" 174
"C:/Users/PC/Documents/Unreal Projects/SafeRun/Content/MainCharacter/Animation/Walking.uexp" 175
"C:/Users/PC/Documents/Unreal Projects/SafeRun/Content/MainCharacter/Animation/Running.uasset" 176
"C:/Users/PC/Documents/Unreal Projects/SafeRun/Content/MainCharacter/Animation/Running.uexp" 177
"C:/Users/PC/Documents/Unreal Projects/SafeRun/Content/MainCharacter/Animation/Right_Strafe_Walking.uasset" 178
"C:/Users/PC/Documents/Unreal Projects/SafeRun/Content/MainCharacter/Animation/Right_Strafe_Walking.uexp" 179
"C:/Users/PC/Documents/Unreal Projects/SafeRun/Content/MainCharacter/Animation/Left_Strafe_Walking.uasset" 180
"C:/Users/PC/Documents/Unreal Projects/SafeRun/Content/MainCharacter/Animation/Left_Strafe_Walking.uexp" 181
"C:/Users/PC/Documents/Unreal Projects/SafeRun/Content/MainCharacter/Animation/Idle.uasset" 182
"C:/Users/PC/Documents/Unreal Projects/SafeRun/Content/MainCharacter/Animation/Idle.uexp" 183
"C:/Users/PC/Documents/Unreal Projects/SafeRun/Content/MainCharacter/Animation/BS_Animation.uasset" 184
"C:/Users/PC/Documents/Unreal Projects/SafeRun/Content/MainCharacter/Animation/BS_Animation.uexp" 185
"C:/Users/PC/Documents/Unreal Projects/SafeRun/Content/MainCharacter/Animation/BPA_Animation.uasset" 186
"C:/Users/PC/Documents/Unreal Projects/SafeRun/Content/MainCharacter/Animation/BPA_Animation.uexp" 187
"C:/Users/PC/Documents/Unreal Projects/SafeRun/Content/MainCharacter/BP_MainCharacter.uasset" 188
"C:/Users/PC/Documents/Unreal Projects/SafeRun/Content/MainCharacter/BP_MainCharacter.uexp" 189
"C:/Users/PC/Documents/Unreal Projects/SafeRun/Content/Enviropmants/BP_PortalToThird.uasset" 190
"C:/Users/PC/Documents/Unreal Projects/SafeRun/Content/Enviropmants/BP_PortalToThird.uexp" 191
"C:/Users/PC/Documents/Unreal Projects/SafeRun/Content/Enviropmants/BP_PortalToSecond.uasset" 192
"C:/Users/PC/Documents/Unreal Projects/SafeRun/Content/Enviropmants/BP_PortalToSecond.uexp" 193
"C:/Users/PC/Documents/Unreal Projects/SafeRun/Content/Enviropmants/BP_PortalToFourth.uasset" 194
"C:/Users/PC/Documents/Unreal Projects/SafeRun/Content/Enviropmants/BP_PortalToFourth.uexp" 195
"C:/Users/PC/Documents/Unreal Projects/SafeRun/Content/Enviropmants/BP_PortalToFirst.uasset" 196
"C:/Users/PC/Documents/Unreal Projects/SafeRun/Content/Enviropmants/BP_PortalToFirst.uexp" 197
"C:/Users/PC/Documents/Unreal Projects/SafeRun/Content/Enviropmants/BP_PortalToFinal.uasset" 198
"C:/Users/PC/Documents/Unreal Projects/SafeRun/Content/Enviropmants/BP_PortalToFinal.uexp" 199
"../../../Engine/Plugins/Runtime/AudioWidgets/Content/Resources/ScrubHandleDown_Clamped.uasset" 200
"../../../Engine/Plugins/Runtime/AudioWidgets/Content/Resources/ScrubHandleDown_Clamped.uexp" 201
"../../../Engine/Content/EngineResources/FilmGrains/Marcie_Grain_v3_128_M2_000.uasset" 202
"../../../Engine/Content/EngineResources/FilmGrains/Marcie_Grain_v3_128_M2_000.uexp" 203
"../../../Engine/Content/EngineResources/Development/ZenLogo_64.uasset" 204
"../../../Engine/Content/EngineResources/Development/ZenLogo_64.uexp" 205
"../../../Engine/Content/EngineMaterials/LTC/Sheen_LTC.uasset" 206
"../../../Engine/Content/EngineMaterials/LTC/Sheen_LTC.uexp" 207
"../../../Engine/Content/EngineMaterials/LTC/GGX_LTCMat.uasset" 208
"../../../Engine/Content/EngineMaterials/LTC/GGX_LTCMat.uexp" 209
"../../../Engine/Content/EngineMaterials/LTC/GGX_LTCAmp.uasset" 210
"../../../Engine/Content/EngineMaterials/LTC/GGX_LTCAmp.uexp" 211
"../../../Engine/Content/EngineMaterials/EnergyConservation/Sheen_Energy.uasset" 212
"../../../Engine/Content/EngineMaterials/EnergyConservation/Sheen_Energy.uexp" 213
"../../../Engine/Content/EngineMaterials/EnergyConservation/SheenLegacy_Energy.uasset" 214
"../../../Engine/Content/EngineMaterials/EnergyConservation/SheenLegacy_Energy.uexp" 215
"../../../Engine/Content/EngineMaterials/EnergyConservation/GGX_TransmissionEnergyArray.uasset" 216
"../../../Engine/Content/EngineMaterials/EnergyConservation/GGX_TransmissionEnergyArray.uexp" 217
"../../../Engine/Content/EngineMaterials/EnergyConservation/GGX_ReflectionEnergy.uasset" 218
"../../../Engine/Content/EngineMaterials/EnergyConservation/GGX_ReflectionEnergy.uexp" 219
"../../../Engine/Content/EngineMaterials/EnergyConservation/Diffuse_Energy.uasset" 220
"../../../Engine/Content/EngineMaterials/EnergyConservation/Diffuse_Energy.uexp" 221
"../../../Engine/Content/Functions/Engine_MaterialFunctions01/Shading/PowerToRoughness.uasset" 222
"../../../Engine/Content/Functions/Engine_MaterialFunctions01/Shading/PowerToRoughness.uexp" 223
"../../../Engine/Content/Functions/Engine_MaterialFunctions01/Shading/ConvertFromDiffSpec.uasset" 224
"../../../Engine/Content/Functions/Engine_MaterialFunctions01/Shading/ConvertFromDiffSpec.uexp" 225
"../../../Engine/Content/Functions/Engine_MaterialFunctions02/Utility/MakeFloat3.uasset" 226
"../../../Engine/Content/Functions/Engine_MaterialFunctions02/Utility/MakeFloat3.uexp" 227
"../../../Engine/Content/Functions/Engine_MaterialFunctions02/Utility/BreakOutFloat3Components.uasset" 228
"../../../Engine/Content/Functions/Engine_MaterialFunctions02/Utility/BreakOutFloat3Components.uexp" 229
"../../../Engine/Content/EngineMaterials/BlendFunc_DefBlend.uasset" 230
"../../../Engine/Content/EngineMaterials/BlendFunc_DefBlend.uexp" 231
"../../../Engine/Content/EngineMaterials/BlendFunc_DefBase.uasset" 232
"../../../Engine/Content/EngineMaterials/BlendFunc_DefBase.uexp" 233
"../../../Engine/Content/Functions/Engine_MaterialFunctions03/Blends/Blend_Overlay.uasset" 234
"../../../Engine/Content/Functions/Engine_MaterialFunctions03/Blends/Blend_Overlay.uexp" 235
"../../../Engine/Content/Functions/Engine_MaterialFunctions01/Gradient/LinearGradient.uasset" 236
"../../../Engine/Content/Functions/Engine_MaterialFunctions01/Gradient/LinearGradient.uexp" 237
"../../../Engine/Content/Functions/Engine_MaterialFunctions01/ImageAdjustment/CheapContrast.uasset" 238
"../../../Engine/Content/Functions/Engine_MaterialFunctions01/ImageAdjustment/CheapContrast.uexp" 239
"../../../Engine/Content/OpenWorldTemplate/LandscapeMaterial/T_GridChecker_A.ubulk" 240
"../../../Engine/Content/OpenWorldTemplate/LandscapeMaterial/T_GridChecker_A.uasset" 241
"../../../Engine/Content/OpenWorldTemplate/LandscapeMaterial/T_GridChecker_A.uexp" 242
"../../../Engine/Content/OpenWorldTemplate/LandscapeMaterial/MF_ProcGrid.uasset" 243
"../../../Engine/Content/OpenWorldTemplate/LandscapeMaterial/MF_ProcGrid.uexp" 244
"../../../Engine/Content/OpenWorldTemplate/LandscapeMaterial/M_ProcGrid.uasset" 245
"../../../Engine/Content/OpenWorldTemplate/LandscapeMaterial/M_ProcGrid.uexp" 246
"C:/Users/PC/Documents/Unreal Projects/SafeRun/Content/Enviropmants/Textures/Mossy_Stone_Floor_veilfjxn_1K_Specular.ubulk" 247
"C:/Users/PC/Documents/Unreal Projects/SafeRun/Content/Enviropmants/Textures/Mossy_Stone_Floor_veilfjxn_1K_Specular.uasset" 248
"C:/Users/PC/Documents/Unreal Projects/SafeRun/Content/Enviropmants/Textures/Mossy_Stone_Floor_veilfjxn_1K_Specular.uexp" 249
"C:/Users/PC/Documents/Unreal Projects/SafeRun/Content/Enviropmants/Textures/Mossy_Stone_Floor_veilfjxn_1K_Roughness.ubulk" 250
"C:/Users/PC/Documents/Unreal Projects/SafeRun/Content/Enviropmants/Textures/Mossy_Stone_Floor_veilfjxn_1K_Roughness.uasset" 251
"C:/Users/PC/Documents/Unreal Projects/SafeRun/Content/Enviropmants/Textures/Mossy_Stone_Floor_veilfjxn_1K_Roughness.uexp" 252
"C:/Users/PC/Documents/Unreal Projects/SafeRun/Content/Enviropmants/Textures/Mossy_Stone_Floor_veilfjxn_1K_Normal.ubulk" 253
"C:/Users/PC/Documents/Unreal Projects/SafeRun/Content/Enviropmants/Textures/Mossy_Stone_Floor_veilfjxn_1K_Normal.uasset" 254
"C:/Users/PC/Documents/Unreal Projects/SafeRun/Content/Enviropmants/Textures/Mossy_Stone_Floor_veilfjxn_1K_Normal.uexp" 255
"C:/Users/PC/Documents/Unreal Projects/SafeRun/Content/Enviropmants/Textures/Mossy_Stone_Floor_veilfjxn_1K_Displacement.ubulk" 256
"C:/Users/PC/Documents/Unreal Projects/SafeRun/Content/Enviropmants/Textures/Mossy_Stone_Floor_veilfjxn_1K_Displacement.uasset" 257
"C:/Users/PC/Documents/Unreal Projects/SafeRun/Content/Enviropmants/Textures/Mossy_Stone_Floor_veilfjxn_1K_Displacement.uexp" 258
"C:/Users/PC/Documents/Unreal Projects/SafeRun/Content/Enviropmants/Textures/Mossy_Stone_Floor_veilfjxn_1K_Cavity.ubulk" 259
"C:/Users/PC/Documents/Unreal Projects/SafeRun/Content/Enviropmants/Textures/Mossy_Stone_Floor_veilfjxn_1K_Cavity.uasset" 260
"C:/Users/PC/Documents/Unreal Projects/SafeRun/Content/Enviropmants/Textures/Mossy_Stone_Floor_veilfjxn_1K_Cavity.uexp" 261
"C:/Users/PC/Documents/Unreal Projects/SafeRun/Content/Enviropmants/Textures/MaterialColumn.uasset" 262
"C:/Users/PC/Documents/Unreal Projects/SafeRun/Content/Enviropmants/Textures/MaterialColumn.uexp" 263
"C:/Users/PC/Documents/Unreal Projects/SafeRun/Content/Enviropmants/Textures/MaterialDoor.uasset" 264
"C:/Users/PC/Documents/Unreal Projects/SafeRun/Content/Enviropmants/Textures/MaterialDoor.uexp" 265
"C:/Users/PC/Documents/Unreal Projects/SafeRun/Content/Enviropmants/Textures/Mossy_Stone_Floor_veilfjxn_1K_Gloss.ubulk" 266
"C:/Users/PC/Documents/Unreal Projects/SafeRun/Content/Enviropmants/Textures/Mossy_Stone_Floor_veilfjxn_1K_Gloss.uasset" 267
"C:/Users/PC/Documents/Unreal Projects/SafeRun/Content/Enviropmants/Textures/Mossy_Stone_Floor_veilfjxn_1K_Gloss.uexp" 268
"C:/Users/PC/Documents/Unreal Projects/SafeRun/Content/Enviropmants/Textures/MaterialFloor.uasset" 269
"C:/Users/PC/Documents/Unreal Projects/SafeRun/Content/Enviropmants/Textures/MaterialFloor.uexp" 270
"C:/Users/PC/Documents/Unreal Projects/SafeRun/Content/Enviropmants/Textures/MaterialUp.uasset" 271
"C:/Users/PC/Documents/Unreal Projects/SafeRun/Content/Enviropmants/Textures/MaterialUp.uexp" 272
"C:/Users/PC/Documents/Unreal Projects/SafeRun/Content/Enviropmants/Textures/Castle_Wall_scpgdgca_1K_Specular.ubulk" 273
"C:/Users/PC/Documents/Unreal Projects/SafeRun/Content/Enviropmants/Textures/Castle_Wall_scpgdgca_1K_Specular.uasset" 274
"C:/Users/PC/Documents/Unreal Projects/SafeRun/Content/Enviropmants/Textures/Castle_Wall_scpgdgca_1K_Specular.uexp" 275
"C:/Users/PC/Documents/Unreal Projects/SafeRun/Content/Enviropmants/Textures/Castle_Wall_scpgdgca_1K_Displacement.ubulk" 276
"C:/Users/PC/Documents/Unreal Projects/SafeRun/Content/Enviropmants/Textures/Castle_Wall_scpgdgca_1K_Displacement.uasset" 277
"C:/Users/PC/Documents/Unreal Projects/SafeRun/Content/Enviropmants/Textures/Castle_Wall_scpgdgca_1K_Displacement.uexp" 278
"C:/Users/PC/Documents/Unreal Projects/SafeRun/Content/Enviropmants/Textures/Castle_Wall_scpgdgca_1K_Gloss.ubulk" 279
"C:/Users/PC/Documents/Unreal Projects/SafeRun/Content/Enviropmants/Textures/Castle_Wall_scpgdgca_1K_Gloss.uasset" 280
"C:/Users/PC/Documents/Unreal Projects/SafeRun/Content/Enviropmants/Textures/Castle_Wall_scpgdgca_1K_Gloss.uexp" 281
"C:/Users/PC/Documents/Unreal Projects/SafeRun/Content/Enviropmants/Textures/Castle_Wall_scpgdgca_1K_Normal.ubulk" 282
"C:/Users/PC/Documents/Unreal Projects/SafeRun/Content/Enviropmants/Textures/Castle_Wall_scpgdgca_1K_Normal.uasset" 283
"C:/Users/PC/Documents/Unreal Projects/SafeRun/Content/Enviropmants/Textures/Castle_Wall_scpgdgca_1K_Normal.uexp" 284
"C:/Users/PC/Documents/Unreal Projects/SafeRun/Content/Enviropmants/Textures/Castle_Wall_scpgdgca_1K_Roughness.ubulk" 285
"C:/Users/PC/Documents/Unreal Projects/SafeRun/Content/Enviropmants/Textures/Castle_Wall_scpgdgca_1K_Roughness.uasset" 286
"C:/Users/PC/Documents/Unreal Projects/SafeRun/Content/Enviropmants/Textures/Castle_Wall_scpgdgca_1K_Roughness.uexp" 287
"C:/Users/PC/Documents/Unreal Projects/SafeRun/Content/Enviropmants/Textures/MaterialWall.uasset" 288
"C:/Users/PC/Documents/Unreal Projects/SafeRun/Content/Enviropmants/Textures/MaterialWall.uexp" 289
"../../../Engine/Plugins/Animation/ControlRig/Content/Controls/ControlRigGizmoMaterial.uasset" 290
"../../../Engine/Plugins/Animation/ControlRig/Content/Controls/ControlRigGizmoMaterial.uexp" 291
"../../../Engine/Plugins/Animation/ControlRig/Content/Controls/ControlRigXRayMaterial.uasset" 292
"../../../Engine/Plugins/Animation/ControlRig/Content/Controls/ControlRigXRayMaterial.uexp" 293
"../../../Engine/Content/Functions/Engine_MaterialFunctions02/Utility/VectorLength.uasset" 294
"../../../Engine/Content/Functions/Engine_MaterialFunctions02/Utility/VectorLength.uexp" 295
"../../../Engine/Content/Functions/Engine_MaterialFunctions02/WorldPositionOffset/ObjectScale.uasset" 296
"../../../Engine/Content/Functions/Engine_MaterialFunctions02/WorldPositionOffset/ObjectScale.uexp" 297
"../../../Engine/Content/Functions/Engine_MaterialFunctions02/SafeNormalize.uasset" 298
"../../../Engine/Content/Functions/Engine_MaterialFunctions02/SafeNormalize.uexp" 299
"../../../Engine/Plugins/Editor/SpeedTreeImporter/Content/SpeedTree9/UnpackInteger3.uasset" 300
"../../../Engine/Plugins/Editor/SpeedTreeImporter/Content/SpeedTree9/UnpackInteger3.uexp" 301
"../../../Engine/Plugins/Editor/SpeedTreeImporter/Content/SpeedTree9/UnpackDirection.uasset" 302
"../../../Engine/Plugins/Editor/SpeedTreeImporter/Content/SpeedTree9/UnpackDirection.uexp" 303
"../../../Engine/Plugins/Editor/SpeedTreeImporter/Content/SpeedTree9/game_wind_noise.ubulk" 304
"../../../Engine/Plugins/Editor/SpeedTreeImporter/Content/SpeedTree9/game_wind_noise.uasset" 305
"../../../Engine/Plugins/Editor/SpeedTreeImporter/Content/SpeedTree9/game_wind_noise.uexp" 306
"../../../Engine/Plugins/Editor/SpeedTreeImporter/Content/SpeedTree9/SpeedTreeWindMotion.uasset" 307
"../../../Engine/Plugins/Editor/SpeedTreeImporter/Content/SpeedTree9/SpeedTreeWindMotion.uexp" 308
"../../../Engine/Plugins/Editor/SpeedTreeImporter/Content/SpeedTree9/SpeedTreeBranchMotion.uasset" 309
"../../../Engine/Plugins/Editor/SpeedTreeImporter/Content/SpeedTree9/SpeedTreeBranchMotion.uexp" 310
"../../../Engine/Content/Functions/Engine_MaterialFunctions02/ObjectLocalBounds.uasset" 311
"../../../Engine/Content/Functions/Engine_MaterialFunctions02/ObjectLocalBounds.uexp" 312
"../../../Engine/Content/Functions/Engine_MaterialFunctions02/UVs/BoundingBoxBased_0-1_UVW.uasset" 313
"../../../Engine/Content/Functions/Engine_MaterialFunctions02/UVs/BoundingBoxBased_0-1_UVW.uexp" 314
"../../../Engine/Plugins/Editor/SpeedTreeImporter/Content/SpeedTree9/SpeedTreeWind.uasset" 315
"../../../Engine/Plugins/Editor/SpeedTreeImporter/Content/SpeedTree9/SpeedTreeWind.uexp" 316
"../../../Engine/Plugins/Editor/SpeedTreeImporter/Content/SpeedTree9/EmptyNormal.uasset" 317
"../../../Engine/Plugins/Editor/SpeedTreeImporter/Content/SpeedTree9/EmptyNormal.uexp" 318
"../../../Engine/Plugins/Editor/SpeedTreeImporter/Content/SpeedTree9/Empty.uasset" 319
"../../../Engine/Plugins/Editor/SpeedTreeImporter/Content/SpeedTree9/Empty.uexp" 320
"../../../Engine/Plugins/Editor/SpeedTreeImporter/Content/SpeedTree9/SpeedTreeBillboard.uasset" 321
"../../../Engine/Plugins/Editor/SpeedTreeImporter/Content/SpeedTree9/SpeedTreeBillboard.uexp" 322
"../../../Engine/Plugins/Editor/SpeedTreeImporter/Content/SpeedTree9/SpeedTreeBillboardMaster.uasset" 323
"../../../Engine/Plugins/Editor/SpeedTreeImporter/Content/SpeedTree9/SpeedTreeBillboardMaster.uexp" 324
"../../../Engine/Plugins/Editor/SpeedTreeImporter/Content/SpeedTree9/SpeedTreeCameraFacing.uasset" 325
"../../../Engine/Plugins/Editor/SpeedTreeImporter/Content/SpeedTree9/SpeedTreeCameraFacing.uexp" 326
"../../../Engine/Plugins/Editor/SpeedTreeImporter/Content/SpeedTree9/SpeedTreeMaster.uasset" 327
"../../../Engine/Plugins/Editor/SpeedTreeImporter/Content/SpeedTree9/SpeedTreeMaster.uexp" 328
"../../../Engine/Plugins/Interchange/Assets/Content/Functions/MX_AbsorptionVDF.uasset" 329
"../../../Engine/Plugins/Interchange/Assets/Content/Functions/MX_AbsorptionVDF.uexp" 330
"../../../Engine/Plugins/Interchange/Assets/Content/Functions/MX_AnisotropicVDF.uasset" 331
"../../../Engine/Plugins/Interchange/Assets/Content/Functions/MX_AnisotropicVDF.uexp" 332
"../../../Engine/Plugins/Interchange/Assets/Content/Functions/MX_BurleyDiffuseBSDF.uasset" 333
"../../../Engine/Plugins/Interchange/Assets/Content/Functions/MX_BurleyDiffuseBSDF.uexp" 334
"../../../Engine/Plugins/Interchange/Assets/Content/Functions/MX_ConductorBSDF.uasset" 335
"../../../Engine/Plugins/Interchange/Assets/Content/Functions/MX_ConductorBSDF.uexp" 336
"../../../Engine/Plugins/Interchange/Assets/Content/Functions/MX_ConicalEDF.uasset" 337
"../../../Engine/Plugins/Interchange/Assets/Content/Functions/MX_ConicalEDF.uexp" 338
"../../../Engine/Plugins/Interchange/Assets/Content/Functions/MX_DielectricBSDF.uasset" 339
"../../../Engine/Plugins/Interchange/Assets/Content/Functions/MX_DielectricBSDF.uexp" 340
"../../../Engine/Plugins/Interchange/Assets/Content/Functions/MX_Displacement.uasset" 341
"../../../Engine/Plugins/Interchange/Assets/Content/Functions/MX_Displacement.uexp" 342
"../../../Engine/Plugins/Interchange/Assets/Content/Functions/MX_GeneralizedSchlickBSDF.uasset" 343
"../../../Engine/Plugins/Interchange/Assets/Content/Functions/MX_GeneralizedSchlickBSDF.uexp" 344
"../../../Engine/Plugins/Interchange/Assets/Content/Functions/MX_MeasuredEDF.uasset" 345
"../../../Engine/Plugins/Interchange/Assets/Content/Functions/MX_MeasuredEDF.uexp" 346
"../../../Engine/Plugins/Interchange/Assets/Content/Functions/MF_IridescenceNoLUT.uasset" 347
"../../../Engine/Plugins/Interchange/Assets/Content/Functions/MF_IridescenceNoLUT.uexp" 348
"../../../Engine/Plugins/Interchange/Assets/Content/Functions/MX_StandardSurface.uasset" 349
"../../../Engine/Plugins/Interchange/Assets/Content/Functions/MX_StandardSurface.uexp" 350
"../../../Engine/Plugins/Interchange/Assets/Content/Functions/MX_OpenPBR_Opaque.uasset" 351
"../../../Engine/Plugins/Interchange/Assets/Content/Functions/MX_OpenPBR_Opaque.uexp" 352
"../../../Engine/Plugins/Interchange/Assets/Content/Functions/MX_TransmissionSurface.uasset" 353
"../../../Engine/Plugins/Interchange/Assets/Content/Functions/MX_TransmissionSurface.uexp" 354
"../../../Engine/Plugins/Interchange/Assets/Content/Functions/MX_OpenPBR_Translucent.uasset" 355
"../../../Engine/Plugins/Interchange/Assets/Content/Functions/MX_OpenPBR_Translucent.uexp" 356
"../../../Engine/Plugins/Interchange/Assets/Content/Functions/MX_OrenNayarBSDF.uasset" 357
"../../../Engine/Plugins/Interchange/Assets/Content/Functions/MX_OrenNayarBSDF.uexp" 358
"../../../Engine/Plugins/Interchange/Assets/Content/Functions/MX_SheenBSDF.uasset" 359
"../../../Engine/Plugins/Interchange/Assets/Content/Functions/MX_SheenBSDF.uexp" 360
"../../../Engine/Plugins/Interchange/Assets/Content/Functions/MX_SubsurfaceBSDF.uasset" 361
"../../../Engine/Plugins/Interchange/Assets/Content/Functions/MX_SubsurfaceBSDF.uexp" 362
"../../../Engine/Plugins/Interchange/Assets/Content/Functions/MX_Surface.uasset" 363
"../../../Engine/Plugins/Interchange/Assets/Content/Functions/MX_Surface.uexp" 364
"../../../Engine/Plugins/Interchange/Assets/Content/Functions/MX_SurfaceUnlit.uasset" 365
"../../../Engine/Plugins/Interchange/Assets/Content/Functions/MX_SurfaceUnlit.uexp" 366
"../../../Engine/Plugins/Interchange/Assets/Content/Functions/MX_ThinFilmBSDF.uasset" 367
"../../../Engine/Plugins/Interchange/Assets/Content/Functions/MX_ThinFilmBSDF.uexp" 368
"../../../Engine/Plugins/Interchange/Assets/Content/Functions/MX_TranslucentBSDF.uasset" 369
"../../../Engine/Plugins/Interchange/Assets/Content/Functions/MX_TranslucentBSDF.uexp" 370
"../../../Engine/Plugins/Interchange/Assets/Content/Functions/MX_UniformEDF.uasset" 371
"../../../Engine/Plugins/Interchange/Assets/Content/Functions/MX_UniformEDF.uexp" 372
"../../../Engine/Plugins/Interchange/Assets/Content/Functions/MX_UsdPreviewSurface.uasset" 373
"../../../Engine/Plugins/Interchange/Assets/Content/Functions/MX_UsdPreviewSurface.uexp" 374
"../../../Engine/Plugins/Runtime/HairStrands/Content/Materials/HairCardsDefaultMaterial.uasset" 375
"../../../Engine/Plugins/Runtime/HairStrands/Content/Materials/HairCardsDefaultMaterial.uexp" 376
"../../../Engine/Content/Functions/Engine_MaterialFunctions02/Utility/MakeFloat2.uasset" 377
"../../../Engine/Content/Functions/Engine_MaterialFunctions02/Utility/MakeFloat2.uexp" 378
"../../../Engine/Content/EngineMaterials/HairDebugColor.uasset" 379
"../../../Engine/Content/EngineMaterials/HairDebugColor.uexp" 380
"../../../Engine/Content/EngineMaterials/HairColorMap.uasset" 381
"../../../Engine/Content/EngineMaterials/HairColorMap.uexp" 382
"../../../Engine/Plugins/Runtime/HairStrands/Content/Materials/HairGroupColors.uasset" 383
"../../../Engine/Plugins/Runtime/HairStrands/Content/Materials/HairGroupColors.uexp" 384
"../../../Engine/Plugins/Runtime/HairStrands/Content/Materials/HairDebugMaterial.uasset" 385
"../../../Engine/Plugins/Runtime/HairStrands/Content/Materials/HairDebugMaterial.uexp" 386
"../../../Engine/Plugins/Runtime/HairStrands/Content/Materials/HairDefaultMaterial.uasset" 387
"../../../Engine/Plugins/Runtime/HairStrands/Content/Materials/HairDefaultMaterial.uexp" 388
"../../../Engine/Plugins/Runtime/HairStrands/Content/Materials/HairMeshesDefaultMaterial.uasset" 389
"../../../Engine/Plugins/Runtime/HairStrands/Content/Materials/HairMeshesDefaultMaterial.uexp" 390
"../../../Engine/Plugins/VirtualProduction/CameraCalibrationCore/Content/Materials/M_DefaultEvenSquare.uasset" 391
"../../../Engine/Plugins/VirtualProduction/CameraCalibrationCore/Content/Materials/M_DefaultEvenSquare.uexp" 392
"../../../Engine/Plugins/VirtualProduction/CameraCalibrationCore/Content/Materials/M_DefaultOddSquare.uasset" 393
"../../../Engine/Plugins/VirtualProduction/CameraCalibrationCore/Content/Materials/M_DefaultOddSquare.uexp" 394
"../../../Engine/Content/EngineDebugMaterials/DebugEditorMaterial.uasset" 395
"../../../Engine/Content/EngineDebugMaterials/DebugEditorMaterial.uexp" 396
"../../../Engine/Content/EngineDebugMaterials/DebugMeshMaterial.uasset" 397
"../../../Engine/Content/EngineDebugMaterials/DebugMeshMaterial.uexp" 398
"../../../Engine/Content/EngineDebugMaterials/M_SimpleUnlitTranslucent.uasset" 399
"../../../Engine/Content/EngineDebugMaterials/M_SimpleUnlitTranslucent.uexp" 400
"../../../Engine/Content/Functions/Engine_MaterialFunctions02/Utility/CameraDirectionVector.uasset" 401
"../../../Engine/Content/Functions/Engine_MaterialFunctions02/Utility/CameraDirectionVector.uexp" 402
"../../../Engine/Content/EngineDebugMaterials/VolumeToRender.uasset" 403
"../../../Engine/Content/EngineDebugMaterials/VolumeToRender.uexp" 404
"../../../Engine/Content/EngineDebugMaterials/M_VolumeRenderSphereTracePP.uasset" 405
"../../../Engine/Content/EngineDebugMaterials/M_VolumeRenderSphereTracePP.uexp" 406
"../../../Engine/Content/EngineMaterials/DefaultDiffuse.ubulk" 407
"../../../Engine/Content/EngineMaterials/DefaultDiffuse.uasset" 408
"../../../Engine/Content/EngineMaterials/DefaultDiffuse.uexp" 409
"../../../Engine/Content/EngineMaterials/DefaultDeferredDecalMaterial.uasset" 410
"../../../Engine/Content/EngineMaterials/DefaultDeferredDecalMaterial.uexp" 411
"../../../Engine/Content/EngineMaterials/DefaultLightFunctionMaterial.uasset" 412
"../../../Engine/Content/EngineMaterials/DefaultLightFunctionMaterial.uexp" 413
"../../../Engine/Content/Functions/Engine_MaterialFunctions02/Utility/BreakOutFloat2Components.uasset" 414
"../../../Engine/Content/Functions/Engine_MaterialFunctions02/Utility/BreakOutFloat2Components.uexp" 415
"../../../Engine/Content/EngineMaterials/DefaultPostProcessMaterial.uasset" 416
"../../../Engine/Content/EngineMaterials/DefaultPostProcessMaterial.uexp" 417
"../../../Engine/Content/EngineFonts/RobotoDistanceField.uasset" 418
"../../../Engine/Content/EngineFonts/RobotoDistanceField.uexp" 419
"../../../Engine/Content/EngineMaterials/DefaultTextMaterialOpaque.uasset" 420
"../../../Engine/Content/EngineMaterials/DefaultTextMaterialOpaque.uexp" 421
"../../../Engine/Content/EngineMaterials/DefaultWhiteGrid_Low.uasset" 422
"../../../Engine/Content/EngineMaterials/DefaultWhiteGrid_Low.uexp" 423
"../../../Engine/Content/EngineMaterials/EmissiveMeshMaterial.uasset" 424
"../../../Engine/Content/EngineMaterials/EmissiveMeshMaterial.uexp" 425
"../../../Engine/Content/EngineMaterials/BaseFlattenNormalMap.uasset" 426
"../../../Engine/Content/EngineMaterials/BaseFlattenNormalMap.uexp" 427
"../../../Engine/Content/EngineMaterials/BaseFlattenDiffuseMap.uasset" 428
"../../../Engine/Content/EngineMaterials/BaseFlattenDiffuseMap.uexp" 429
"../../../Engine/Content/EngineMaterials/BaseFlattenEmissiveMap.uasset" 430
"../../../Engine/Content/EngineMaterials/BaseFlattenEmissiveMap.uexp" 431
"../../../Engine/Content/EngineMaterials/BaseFlattenGrayscaleMap.uasset" 432
"../../../Engine/Content/EngineMaterials/BaseFlattenGrayscaleMap.uexp" 433
"../../../Engine/Content/EngineMaterials/BaseFlattenLinearColor.uasset" 434
"../../../Engine/Content/EngineMaterials/BaseFlattenLinearColor.uexp" 435
"../../../Engine/Content/Functions/Engine_MaterialFunctions02/PivotPainter2/Black_1x1_EXR_Texture.uasset" 436
"../../../Engine/Content/Functions/Engine_MaterialFunctions02/PivotPainter2/Black_1x1_EXR_Texture.uexp" 437
"../../../Engine/Content/EngineMaterials/FlattenMaterial.uasset" 438
"../../../Engine/Content/EngineMaterials/FlattenMaterial.uexp" 439
"../../../Engine/Content/EngineMaterials/BaseFlattenDiffuseMap_VT.ubulk" 440
"../../../Engine/Content/EngineMaterials/BaseFlattenDiffuseMap_VT.uasset" 441
"../../../Engine/Content/EngineMaterials/BaseFlattenDiffuseMap_VT.uexp" 442
"../../../Engine/Content/EngineMaterials/BaseFlattenEmissiveMap_VT.ubulk" 443
"../../../Engine/Content/EngineMaterials/BaseFlattenEmissiveMap_VT.uasset" 444
"../../../Engine/Content/EngineMaterials/BaseFlattenEmissiveMap_VT.uexp" 445
"../../../Engine/Content/EngineMaterials/BaseFlattenGrayscaleMap_VT.ubulk" 446
"../../../Engine/Content/EngineMaterials/BaseFlattenGrayscaleMap_VT.uasset" 447
"../../../Engine/Content/EngineMaterials/BaseFlattenGrayscaleMap_VT.uexp" 448
"../../../Engine/Content/EngineMaterials/BaseFlattenLinearColor_VT.ubulk" 449
"../../../Engine/Content/EngineMaterials/BaseFlattenLinearColor_VT.uasset" 450
"../../../Engine/Content/EngineMaterials/BaseFlattenLinearColor_VT.uexp" 451
"../../../Engine/Content/EngineMaterials/BaseFlattenNormalMap_VT.ubulk" 452
"../../../Engine/Content/EngineMaterials/BaseFlattenNormalMap_VT.uasset" 453
"../../../Engine/Content/EngineMaterials/BaseFlattenNormalMap_VT.uexp" 454
"../../../Engine/Content/EngineMaterials/Black_1x1_EXR_Texture_VT.ubulk" 455
"../../../Engine/Content/EngineMaterials/Black_1x1_EXR_Texture_VT.uasset" 456
"../../../Engine/Content/EngineMaterials/Black_1x1_EXR_Texture_VT.uexp" 457
"../../../Engine/Content/EngineMaterials/FlattenMaterial_VT.uasset" 458
"../../../Engine/Content/EngineMaterials/FlattenMaterial_VT.uexp" 459
"../../../Engine/Content/EngineMaterials/FlattenMaterial_WS_Normal_VT.uasset" 460
"../../../Engine/Content/EngineMaterials/FlattenMaterial_WS_Normal_VT.uexp" 461
"../../../Engine/Content/EngineMaterials/GizmoMaterial.uasset" 462
"../../../Engine/Content/EngineMaterials/GizmoMaterial.uexp" 463
"../../../Engine/Content/EngineMaterials/InvalidLightmapSettings.ubulk" 464
"../../../Engine/Content/EngineMaterials/InvalidLightmapSettings.uasset" 465
"../../../Engine/Content/EngineMaterials/InvalidLightmapSettings.uexp" 466
"../../../Engine/Content/EngineMaterials/M_InvalidLightmapSettings.uasset" 467
"../../../Engine/Content/EngineMaterials/M_InvalidLightmapSettings.uexp" 468
"../../../Engine/Content/EngineMaterials/NaniteHiddenSectionMaterial.uasset" 469
"../../../Engine/Content/EngineMaterials/NaniteHiddenSectionMaterial.uexp" 470
"../../../Engine/Content/Functions/Engine_MaterialFunctions02/WorldPositionOffset/CameraOffset.uasset" 471
"../../../Engine/Content/Functions/Engine_MaterialFunctions02/WorldPositionOffset/CameraOffset.uexp" 472
"../../../Engine/Content/EngineMaterials/PhAT_JointLimitMaterial.uasset" 473
"../../../Engine/Content/EngineMaterials/PhAT_JointLimitMaterial.uexp" 474
"../../../Engine/Content/EngineMaterials/DefaultCalibrationColor.uasset" 475
"../../../Engine/Content/EngineMaterials/DefaultCalibrationColor.uexp" 476
"../../../Engine/Content/EngineMaterials/PPM_DefaultCalibrationColor.uasset" 477
"../../../Engine/Content/EngineMaterials/PPM_DefaultCalibrationColor.uexp" 478
"../../../Engine/Content/EngineMaterials/DefaultCalibrationGrayscale.uasset" 479
"../../../Engine/Content/EngineMaterials/DefaultCalibrationGrayscale.uexp" 480
"../../../Engine/Content/EngineMaterials/PPM_DefaultCalibrationGrayscale.uasset" 481
"../../../Engine/Content/EngineMaterials/PPM_DefaultCalibrationGrayscale.uexp" 482
"../../../Engine/Content/EngineMaterials/RemoveSurfaceMaterial.uasset" 483
"../../../Engine/Content/EngineMaterials/RemoveSurfaceMaterial.uexp" 484
"../../../Engine/Content/Functions/Engine_MaterialFunctions01/Texturing/ScaleUVsByCenter.uasset" 485
"../../../Engine/Content/Functions/Engine_MaterialFunctions01/Texturing/ScaleUVsByCenter.uexp" 486
"../../../Engine/Content/Functions/Engine_MaterialFunctions02/WorldPositionOffset/LocalPosition.uasset" 487
"../../../Engine/Content/Functions/Engine_MaterialFunctions02/WorldPositionOffset/LocalPosition.uexp" 488
"../../../Engine/Content/Functions/Engine_MaterialFunctions01/Texturing/TextureCropping.uasset" 489
"../../../Engine/Content/Functions/Engine_MaterialFunctions01/Texturing/TextureCropping.uexp" 490
"../../../Engine/Content/Functions/Engine_MaterialFunctions02/ExampleContent/DebugNumberStrip.uasset" 491
"../../../Engine/Content/Functions/Engine_MaterialFunctions02/ExampleContent/DebugNumberStrip.uexp" 492
"../../../Engine/Content/Functions/Engine_MaterialFunctions01/Debug/DebugIntValues.uasset" 493
"../../../Engine/Content/Functions/Engine_MaterialFunctions01/Debug/DebugIntValues.uexp" 494
"../../../Engine/Content/BasicShapes/BasicShapeMaterial.uasset" 495
"../../../Engine/Content/BasicShapes/BasicShapeMaterial.uexp" 496
"../../../Engine/Plugins/Animation/ControlRig/Content/M_Manip.uasset" 497
"../../../Engine/Plugins/Animation/ControlRig/Content/M_Manip.uexp" 498
"../../../Engine/Content/EngineMeshes/Sphere.ubulk" 499
"../../../Engine/Content/EngineMeshes/Sphere.uasset" 500
"../../../Engine/Content/EngineMeshes/Sphere.uexp" 501
"../../../Engine/Content/EngineResources/DefaultTextureCube.uasset" 502
"../../../Engine/Content/EngineResources/DefaultTextureCube.uexp" 503
"../../../Engine/Content/EngineMaterials/T_Default_Material_Grid_M.ubulk" 504
"../../../Engine/Content/EngineMaterials/T_Default_Material_Grid_M.uasset" 505
"../../../Engine/Content/EngineMaterials/T_Default_Material_Grid_M.uexp" 506
"../../../Engine/Content/Functions/Engine_MaterialFunctions01/Opacity/CameraDepthFade.uasset" 507
"../../../Engine/Content/Functions/Engine_MaterialFunctions01/Opacity/CameraDepthFade.uexp" 508
"../../../Engine/Content/EngineMaterials/T_Default_Material_Grid_N.ubulk" 509
"../../../Engine/Content/EngineMaterials/T_Default_Material_Grid_N.uasset" 510
"../../../Engine/Content/EngineMaterials/T_Default_Material_Grid_N.uexp" 511
"../../../Engine/Content/EngineMaterials/WorldGridMaterial.uasset" 512
"../../../Engine/Content/EngineMaterials/WorldGridMaterial.uexp" 513
"../../../Engine/Content/ArtTools/RenderToTexture/Meshes/S_1_Unit_Plane.ubulk" 514
"../../../Engine/Content/ArtTools/RenderToTexture/Meshes/S_1_Unit_Plane.uasset" 515
"../../../Engine/Content/ArtTools/RenderToTexture/Meshes/S_1_Unit_Plane.uexp" 516
"../../../Engine/Content/EngineMaterials/Substrate/GLints/AGlintTex2dArray.uasset" 517
"../../../Engine/Content/EngineMaterials/Substrate/GLints/AGlintTex2dArray.uexp" 518
"../../../Engine/Content/EngineMaterials/Substrate/Glints2/AGlintTex2dArray2.uasset" 519
"../../../Engine/Content/EngineMaterials/Substrate/Glints2/AGlintTex2dArray2.uexp" 520
"../../../Engine/Content/EngineMaterials/Substrate/Volume/SubstrateSimpleVolumeEnvLUT3D.uasset" 521
"../../../Engine/Content/EngineMaterials/Substrate/Volume/SubstrateSimpleVolumeEnvLUT3D.uexp" 522
"../../../Engine/Content/EngineMaterials/Substrate/Volume/SubstrateSimpleVolumeLUT3D.uasset" 523
"../../../Engine/Content/EngineMaterials/Substrate/Volume/SubstrateSimpleVolumeLUT3D.uexp" 524
"../../../Engine/Plugins/Interchange/Assets/Content/Utilities/New_LUT.uasset" 525
"../../../Engine/Plugins/Interchange/Assets/Content/Utilities/New_LUT.uexp" 526
"../../../Engine/Content/Functions/Engine_MaterialFunctions03/Math/RemapValueRange.uasset" 527
"../../../Engine/Content/Functions/Engine_MaterialFunctions03/Math/RemapValueRange.uexp" 528
"../../../Engine/Plugins/Interchange/Assets/Content/Functions/MF_Iridescence.uasset" 529
"../../../Engine/Plugins/Interchange/Assets/Content/Functions/MF_Iridescence.uexp" 530
"../../../Engine/Plugins/Interchange/Assets/Content/gltf/Textures/T_White_srgb.uasset" 531
"../../../Engine/Plugins/Interchange/Assets/Content/gltf/Textures/T_White_srgb.uexp" 532
"../../../Engine/Plugins/Interchange/Assets/Content/gltf/MaterialFunctions/MF_BaseColor.uasset" 533
"../../../Engine/Plugins/Interchange/Assets/Content/gltf/MaterialFunctions/MF_BaseColor.uexp" 534
"../../../Engine/Plugins/Interchange/Assets/Content/gltf/MaterialFunctions/MF_RotateV2.uasset" 535
"../../../Engine/Plugins/Interchange/Assets/Content/gltf/MaterialFunctions/MF_RotateV2.uexp" 536
"../../../Engine/Plugins/Interchange/Assets/Content/gltf/MaterialFunctions/MF_TransformUVs.uasset" 537
"../../../Engine/Plugins/Interchange/Assets/Content/gltf/MaterialFunctions/MF_TransformUVs.uexp" 538
"../../../Engine/Plugins/Interchange/Assets/Content/gltf/MaterialFunctions/MF_IOR.uasset" 539
"../../../Engine/Plugins/Interchange/Assets/Content/gltf/MaterialFunctions/MF_IOR.uexp" 540
"../../../Engine/Plugins/Interchange/Assets/Content/gltf/MaterialFunctions/MF_Iridescence.uasset" 541
"../../../Engine/Plugins/Interchange/Assets/Content/gltf/MaterialFunctions/MF_Iridescence.uexp" 542
"../../../Engine/Plugins/Interchange/Assets/Content/gltf/Textures/T_White_Linear.uasset" 543
"../../../Engine/Plugins/Interchange/Assets/Content/gltf/Textures/T_White_Linear.uexp" 544
"../../../Engine/Plugins/Interchange/Assets/Content/gltf/MaterialFunctions/MF_MetallicRoughness.uasset" 545
"../../../Engine/Plugins/Interchange/Assets/Content/gltf/MaterialFunctions/MF_MetallicRoughness.uexp" 546
"../../../Engine/Content/Functions/Engine_MaterialFunctions02/Math/Transform3x3Matrix.uasset" 547
"../../../Engine/Content/Functions/Engine_MaterialFunctions02/Math/Transform3x3Matrix.uexp" 548
"../../../Engine/Plugins/Interchange/Assets/Content/gltf/MaterialFunctions/MF_RotateNormals_TS.uasset" 549
"../../../Engine/Plugins/Interchange/Assets/Content/gltf/MaterialFunctions/MF_RotateNormals_TS.uexp" 550
"../../../Engine/Plugins/Interchange/Assets/Content/gltf/MaterialFunctions/MF_ScaleNormal.uasset" 551
"../../../Engine/Plugins/Interchange/Assets/Content/gltf/MaterialFunctions/MF_ScaleNormal.uexp" 552
"../../../Engine/Plugins/Interchange/Assets/Content/gltf/Textures/T_Generic_N.uasset" 553
"../../../Engine/Plugins/Interchange/Assets/Content/gltf/Textures/T_Generic_N.uexp" 554
"../../../Engine/Plugins/Interchange/Assets/Content/gltf/MaterialFunctions/MF_Normals.uasset" 555
"../../../Engine/Plugins/Interchange/Assets/Content/gltf/MaterialFunctions/MF_Normals.uexp" 556
"../../../Engine/Plugins/Interchange/Assets/Content/gltf/MaterialFunctions/MF_Occlusion.uasset" 557
"../../../Engine/Plugins/Interchange/Assets/Content/gltf/MaterialFunctions/MF_Occlusion.uexp" 558
"../../../Engine/Plugins/Interchange/Assets/Content/gltf/MaterialFunctions/MF_Specular.uasset" 559
"../../../Engine/Plugins/Interchange/Assets/Content/gltf/MaterialFunctions/MF_Specular.uexp" 560
"../../../Engine/Plugins/Interchange/Assets/Content/gltf/Textures/T_Anisotropy_Direction_Linear.uasset" 561
"../../../Engine/Plugins/Interchange/Assets/Content/gltf/Textures/T_Anisotropy_Direction_Linear.uexp" 562
"../../../Engine/Plugins/Interchange/Assets/Content/gltf/MaterialFunctions/MF_SpecularAnisotropy.uasset" 563
"../../../Engine/Plugins/Interchange/Assets/Content/gltf/MaterialFunctions/MF_SpecularAnisotropy.uexp" 564
"../../../Engine/Plugins/Interchange/Assets/Content/gltf/MaterialFunctions/MF_Emissive.uasset" 565
"../../../Engine/Plugins/Interchange/Assets/Content/gltf/MaterialFunctions/MF_Emissive.uexp" 566
"../../../Engine/Content/Functions/Engine_MaterialFunctions01/Texturing/FlattenNormal.uasset" 567
"../../../Engine/Content/Functions/Engine_MaterialFunctions01/Texturing/FlattenNormal.uexp" 568
"../../../Engine/Plugins/Interchange/Assets/Content/gltf/MaterialFunctions/MF_Clearcoat.uasset" 569
"../../../Engine/Plugins/Interchange/Assets/Content/gltf/MaterialFunctions/MF_Clearcoat.uexp" 570
"../../../Engine/Plugins/Interchange/Assets/Content/gltf/MaterialBodies/MF_ClearCoat_Body.uasset" 571
"../../../Engine/Plugins/Interchange/Assets/Content/gltf/MaterialBodies/MF_ClearCoat_Body.uexp" 572
"../../../Engine/Plugins/Interchange/Assets/Content/gltf/M_ClearCoat.uasset" 573
"../../../Engine/Plugins/Interchange/Assets/Content/gltf/M_ClearCoat.uexp" 574
"../../../Engine/Plugins/Interchange/Assets/Content/gltf/MaterialInstances/MI_ClearCoat_Blend.uasset" 575
"../../../Engine/Plugins/Interchange/Assets/Content/gltf/MaterialInstances/MI_ClearCoat_Blend.uexp" 576
"../../../Engine/Plugins/Interchange/Assets/Content/gltf/MaterialInstances/MI_ClearCoat_Blend_DS.uasset" 577
"../../../Engine/Plugins/Interchange/Assets/Content/gltf/MaterialInstances/MI_ClearCoat_Blend_DS.uexp" 578
"../../../Engine/Plugins/Interchange/Assets/Content/gltf/MaterialInstances/MI_ClearCoat_Mask.uasset" 579
"../../../Engine/Plugins/Interchange/Assets/Content/gltf/MaterialInstances/MI_ClearCoat_Mask.uexp" 580
"../../../Engine/Plugins/Interchange/Assets/Content/gltf/MaterialInstances/MI_ClearCoat_Mask_DS.uasset" 581
"../../../Engine/Plugins/Interchange/Assets/Content/gltf/MaterialInstances/MI_ClearCoat_Mask_DS.uexp" 582
"../../../Engine/Plugins/Interchange/Assets/Content/gltf/MaterialInstances/MI_ClearCoat_Opaque.uasset" 583
"../../../Engine/Plugins/Interchange/Assets/Content/gltf/MaterialInstances/MI_ClearCoat_Opaque.uexp" 584
"../../../Engine/Plugins/Interchange/Assets/Content/gltf/MaterialInstances/MI_ClearCoat_Opaque_DS.uasset" 585
"../../../Engine/Plugins/Interchange/Assets/Content/gltf/MaterialInstances/MI_ClearCoat_Opaque_DS.uexp" 586
"../../../Engine/Plugins/Interchange/Assets/Content/gltf/MaterialBodies/MF_Default_Body.uasset" 587
"../../../Engine/Plugins/Interchange/Assets/Content/gltf/MaterialBodies/MF_Default_Body.uexp" 588
"../../../Engine/Plugins/Interchange/Assets/Content/gltf/M_Default.uasset" 589
"../../../Engine/Plugins/Interchange/Assets/Content/gltf/M_Default.uexp" 590
"../../../Engine/Plugins/Interchange/Assets/Content/gltf/MaterialInstances/MI_Default_Blend.uasset" 591
"../../../Engine/Plugins/Interchange/Assets/Content/gltf/MaterialInstances/MI_Default_Blend.uexp" 592
"../../../Engine/Plugins/Interchange/Assets/Content/gltf/MaterialInstances/MI_Default_Blend_DS.uasset" 593
"../../../Engine/Plugins/Interchange/Assets/Content/gltf/MaterialInstances/MI_Default_Blend_DS.uexp" 594
"../../../Engine/Plugins/Interchange/Assets/Content/gltf/MaterialInstances/MI_Default_Mask.uasset" 595
"../../../Engine/Plugins/Interchange/Assets/Content/gltf/MaterialInstances/MI_Default_Mask.uexp" 596
"../../../Engine/Plugins/Interchange/Assets/Content/gltf/MaterialInstances/MI_Default_Mask_DS.uasset" 597
"../../../Engine/Plugins/Interchange/Assets/Content/gltf/MaterialInstances/MI_Default_Mask_DS.uexp" 598
"../../../Engine/Plugins/Interchange/Assets/Content/gltf/MaterialInstances/MI_Default_Opaque.uasset" 599
"../../../Engine/Plugins/Interchange/Assets/Content/gltf/MaterialInstances/MI_Default_Opaque.uexp" 600
"../../../Engine/Plugins/Interchange/Assets/Content/gltf/MaterialInstances/MI_Default_Opaque_DS.uasset" 601
"../../../Engine/Plugins/Interchange/Assets/Content/gltf/MaterialInstances/MI_Default_Opaque_DS.uexp" 602
"../../../Engine/Plugins/Interchange/Assets/Content/gltf/MaterialFunctions/MF_Sheen.uasset" 603
"../../../Engine/Plugins/Interchange/Assets/Content/gltf/MaterialFunctions/MF_Sheen.uexp" 604
"../../../Engine/Plugins/Interchange/Assets/Content/gltf/MaterialBodies/MF_Sheen_Body.uasset" 605
"../../../Engine/Plugins/Interchange/Assets/Content/gltf/MaterialBodies/MF_Sheen_Body.uexp" 606
"../../../Engine/Plugins/Interchange/Assets/Content/gltf/M_Sheen.uasset" 607
"../../../Engine/Plugins/Interchange/Assets/Content/gltf/M_Sheen.uexp" 608
"../../../Engine/Plugins/Interchange/Assets/Content/gltf/MaterialInstances/MI_Sheen_Blend.uasset" 609
"../../../Engine/Plugins/Interchange/Assets/Content/gltf/MaterialInstances/MI_Sheen_Blend.uexp" 610
"../../../Engine/Plugins/Interchange/Assets/Content/gltf/MaterialInstances/MI_Sheen_Blend_DS.uasset" 611
"../../../Engine/Plugins/Interchange/Assets/Content/gltf/MaterialInstances/MI_Sheen_Blend_DS.uexp" 612
"../../../Engine/Plugins/Interchange/Assets/Content/gltf/MaterialInstances/MI_Sheen_Mask.uasset" 613
"../../../Engine/Plugins/Interchange/Assets/Content/gltf/MaterialInstances/MI_Sheen_Mask.uexp" 614
"../../../Engine/Plugins/Interchange/Assets/Content/gltf/MaterialInstances/MI_Sheen_Mask_DS.uasset" 615
"../../../Engine/Plugins/Interchange/Assets/Content/gltf/MaterialInstances/MI_Sheen_Mask_DS.uexp" 616
"../../../Engine/Plugins/Interchange/Assets/Content/gltf/MaterialInstances/MI_Sheen_Opaque.uasset" 617
"../../../Engine/Plugins/Interchange/Assets/Content/gltf/MaterialInstances/MI_Sheen_Opaque.uexp" 618
"../../../Engine/Plugins/Interchange/Assets/Content/gltf/MaterialInstances/MI_Sheen_Opaque_DS.uasset" 619
"../../../Engine/Plugins/Interchange/Assets/Content/gltf/MaterialInstances/MI_Sheen_Opaque_DS.uexp" 620
"../../../Engine/Content/Functions/Engine_MaterialFunctions02/Math/AddComponents.uasset" 621
"../../../Engine/Content/Functions/Engine_MaterialFunctions02/Math/AddComponents.uexp" 622
"../../../Engine/Plugins/Interchange/Assets/Content/gltf/MaterialFunctions/MF_DiffuseSpecGloss.uasset" 623
"../../../Engine/Plugins/Interchange/Assets/Content/gltf/MaterialFunctions/MF_DiffuseSpecGloss.uexp" 624
"../../../Engine/Plugins/Interchange/Assets/Content/gltf/MaterialFunctions/MF_MaxComponentValue.uasset" 625
"../../../Engine/Plugins/Interchange/Assets/Content/gltf/MaterialFunctions/MF_MaxComponentValue.uexp" 626
"../../../Engine/Plugins/Interchange/Assets/Content/gltf/MaterialFunctions/MF_PerceivedBrightness.uasset" 627
"../../../Engine/Plugins/Interchange/Assets/Content/gltf/MaterialFunctions/MF_PerceivedBrightness.uexp" 628
"../../../Engine/Plugins/Interchange/Assets/Content/gltf/MaterialFunctions/MF_SpecGlossToMetalRoughness.uasset" 629
"../../../Engine/Plugins/Interchange/Assets/Content/gltf/MaterialFunctions/MF_SpecGlossToMetalRoughness.uexp" 630
"../../../Engine/Plugins/Interchange/Assets/Content/gltf/MaterialBodies/MF_SpecularGlossiness_Body.uasset" 631
"../../../Engine/Plugins/Interchange/Assets/Content/gltf/MaterialBodies/MF_SpecularGlossiness_Body.uexp" 632
"../../../Engine/Plugins/Interchange/Assets/Content/gltf/M_SpecularGlossiness.uasset" 633
"../../../Engine/Plugins/Interchange/Assets/Content/gltf/M_SpecularGlossiness.uexp" 634
"../../../Engine/Plugins/Interchange/Assets/Content/gltf/MaterialInstances/MI_SpecularGlossiness_Blend.uasset" 635
"../../../Engine/Plugins/Interchange/Assets/Content/gltf/MaterialInstances/MI_SpecularGlossiness_Blend.uexp" 636
"../../../Engine/Plugins/Interchange/Assets/Content/gltf/MaterialInstances/MI_SpecularGlossiness_Blend_DS.uasset" 637
"../../../Engine/Plugins/Interchange/Assets/Content/gltf/MaterialInstances/MI_SpecularGlossiness_Blend_DS.uexp" 638
"../../../Engine/Plugins/Interchange/Assets/Content/gltf/MaterialInstances/MI_SpecularGlossiness_Mask.uasset" 639
"../../../Engine/Plugins/Interchange/Assets/Content/gltf/MaterialInstances/MI_SpecularGlossiness_Mask.uexp" 640
"../../../Engine/Plugins/Interchange/Assets/Content/gltf/MaterialInstances/MI_SpecularGlossiness_Mask_DS.uasset" 641
"../../../Engine/Plugins/Interchange/Assets/Content/gltf/MaterialInstances/MI_SpecularGlossiness_Mask_DS.uexp" 642
"../../../Engine/Plugins/Interchange/Assets/Content/gltf/MaterialInstances/MI_SpecularGlossiness_Opaque.uasset" 643
"../../../Engine/Plugins/Interchange/Assets/Content/gltf/MaterialInstances/MI_SpecularGlossiness_Opaque.uexp" 644
"../../../Engine/Plugins/Interchange/Assets/Content/gltf/MaterialInstances/MI_SpecularGlossiness_Opaque_DS.uasset" 645
"../../../Engine/Plugins/Interchange/Assets/Content/gltf/MaterialInstances/MI_SpecularGlossiness_Opaque_DS.uexp" 646
"../../../Engine/Content/EngineMaterials/Good64x64TilingNoiseHighFreq.uasset" 647
"../../../Engine/Content/EngineMaterials/Good64x64TilingNoiseHighFreq.uexp" 648
"../../../Engine/Content/Functions/Engine_MaterialFunctions02/Texturing/ScreenAlignedPixelToPixelUVs.uasset" 649
"../../../Engine/Content/Functions/Engine_MaterialFunctions02/Texturing/ScreenAlignedPixelToPixelUVs.uexp" 650
"../../../Engine/Plugins/Interchange/Assets/Content/gltf/MaterialFunctions/MF_Fresnel_DS.uasset" 651
"../../../Engine/Plugins/Interchange/Assets/Content/gltf/MaterialFunctions/MF_Fresnel_DS.uexp" 652
"../../../Engine/Plugins/Interchange/Assets/Content/gltf/MaterialFunctions/MF_Temporal_Blur.uasset" 653
"../../../Engine/Plugins/Interchange/Assets/Content/gltf/MaterialFunctions/MF_Temporal_Blur.uexp" 654
"../../../Engine/Plugins/Interchange/Assets/Content/gltf/MaterialFunctions/MF_Transmission.uasset" 655
"../../../Engine/Plugins/Interchange/Assets/Content/gltf/MaterialFunctions/MF_Transmission.uexp" 656
"../../../Engine/Plugins/Interchange/Assets/Content/gltf/MaterialBodies/MF_Transmission_Body.uasset" 657
"../../../Engine/Plugins/Interchange/Assets/Content/gltf/MaterialBodies/MF_Transmission_Body.uexp" 658
"../../../Engine/Plugins/Interchange/Assets/Content/gltf/M_Transmission.uasset" 659
"../../../Engine/Plugins/Interchange/Assets/Content/gltf/M_Transmission.uexp" 660
"../../../Engine/Plugins/Interchange/Assets/Content/gltf/MaterialInstances/MI_Transmission.uasset" 661
"../../../Engine/Plugins/Interchange/Assets/Content/gltf/MaterialInstances/MI_Transmission.uexp" 662
"../../../Engine/Plugins/Interchange/Assets/Content/gltf/MaterialInstances/MI_Transmission_DS.uasset" 663
"../../../Engine/Plugins/Interchange/Assets/Content/gltf/MaterialInstances/MI_Transmission_DS.uexp" 664
"../../../Engine/Plugins/Interchange/Assets/Content/gltf/MaterialBodies/MF_Unlit_Body.uasset" 665
"../../../Engine/Plugins/Interchange/Assets/Content/gltf/MaterialBodies/MF_Unlit_Body.uexp" 666
"../../../Engine/Plugins/Interchange/Assets/Content/gltf/M_Unlit.uasset" 667
"../../../Engine/Plugins/Interchange/Assets/Content/gltf/M_Unlit.uexp" 668
"../../../Engine/Plugins/Interchange/Assets/Content/gltf/MaterialInstances/MI_Unlit_Blend.uasset" 669
"../../../Engine/Plugins/Interchange/Assets/Content/gltf/MaterialInstances/MI_Unlit_Blend.uexp" 670
"../../../Engine/Plugins/Interchange/Assets/Content/gltf/MaterialInstances/MI_Unlit_Blend_DS.uasset" 671
"../../../Engine/Plugins/Interchange/Assets/Content/gltf/MaterialInstances/MI_Unlit_Blend_DS.uexp" 672
"../../../Engine/Plugins/Interchange/Assets/Content/gltf/MaterialInstances/MI_Unlit_Mask.uasset" 673
"../../../Engine/Plugins/Interchange/Assets/Content/gltf/MaterialInstances/MI_Unlit_Mask.uexp" 674
"../../../Engine/Plugins/Interchange/Assets/Content/gltf/MaterialInstances/MI_Unlit_Mask_DS.uasset" 675
"../../../Engine/Plugins/Interchange/Assets/Content/gltf/MaterialInstances/MI_Unlit_Mask_DS.uexp" 676
"../../../Engine/Plugins/Interchange/Assets/Content/gltf/MaterialInstances/MI_Unlit_Opaque.uasset" 677
"../../../Engine/Plugins/Interchange/Assets/Content/gltf/MaterialInstances/MI_Unlit_Opaque.uexp" 678
"../../../Engine/Plugins/Interchange/Assets/Content/gltf/MaterialInstances/MI_Unlit_Opaque_DS.uasset" 679
"../../../Engine/Plugins/Interchange/Assets/Content/gltf/MaterialInstances/MI_Unlit_Opaque_DS.uexp" 680
"../../../Engine/Plugins/Animation/ControlRig/Content/Controls/ControlRig_Arrow2_1mm.ubulk" 681
"../../../Engine/Plugins/Animation/ControlRig/Content/Controls/ControlRig_Arrow2_1mm.uasset" 682
"../../../Engine/Plugins/Animation/ControlRig/Content/Controls/ControlRig_Arrow2_1mm.uexp" 683
"../../../Engine/Plugins/Animation/ControlRig/Content/Controls/ControlRig_Arrow2_3mm.ubulk" 684
"../../../Engine/Plugins/Animation/ControlRig/Content/Controls/ControlRig_Arrow2_3mm.uasset" 685
"../../../Engine/Plugins/Animation/ControlRig/Content/Controls/ControlRig_Arrow2_3mm.uexp" 686
"../../../Engine/Plugins/Animation/ControlRig/Content/Controls/ControlRig_Arrow2_solid.ubulk" 687
"../../../Engine/Plugins/Animation/ControlRig/Content/Controls/ControlRig_Arrow2_solid.uasset" 688
"../../../Engine/Plugins/Animation/ControlRig/Content/Controls/ControlRig_Arrow2_solid.uexp" 689
"../../../Engine/Plugins/Animation/ControlRig/Content/Controls/ControlRig_Arrow4_1mm.ubulk" 690
"../../../Engine/Plugins/Animation/ControlRig/Content/Controls/ControlRig_Arrow4_1mm.uasset" 691
"../../../Engine/Plugins/Animation/ControlRig/Content/Controls/ControlRig_Arrow4_1mm.uexp" 692
"../../../Engine/Plugins/Animation/ControlRig/Content/Controls/ControlRig_Arrow4_3mm.ubulk" 693
"../../../Engine/Plugins/Animation/ControlRig/Content/Controls/ControlRig_Arrow4_3mm.uasset" 694
"../../../Engine/Plugins/Animation/ControlRig/Content/Controls/ControlRig_Arrow4_3mm.uexp" 695
"../../../Engine/Plugins/Animation/ControlRig/Content/Controls/ControlRig_Arrow4_solid.ubulk" 696
"../../../Engine/Plugins/Animation/ControlRig/Content/Controls/ControlRig_Arrow4_solid.uasset" 697
"../../../Engine/Plugins/Animation/ControlRig/Content/Controls/ControlRig_Arrow4_solid.uexp" 698
"../../../Engine/Plugins/Animation/ControlRig/Content/Controls/ControlRig_Arrow_1mm.ubulk" 699
"../../../Engine/Plugins/Animation/ControlRig/Content/Controls/ControlRig_Arrow_1mm.uasset" 700
"../../../Engine/Plugins/Animation/ControlRig/Content/Controls/ControlRig_Arrow_1mm.uexp" 701
"../../../Engine/Plugins/Animation/ControlRig/Content/Controls/ControlRig_Arrow_3mm.ubulk" 702
"../../../Engine/Plugins/Animation/ControlRig/Content/Controls/ControlRig_Arrow_3mm.uasset" 703
"../../../Engine/Plugins/Animation/ControlRig/Content/Controls/ControlRig_Arrow_3mm.uexp" 704
"../../../Engine/Plugins/Animation/ControlRig/Content/Controls/ControlRig_Arrow_solid.ubulk" 705
"../../../Engine/Plugins/Animation/ControlRig/Content/Controls/ControlRig_Arrow_solid.uasset" 706
"../../../Engine/Plugins/Animation/ControlRig/Content/Controls/ControlRig_Arrow_solid.uexp" 707
"../../../Engine/Plugins/Animation/ControlRig/Content/Controls/ControlRig_Box_1mm.ubulk" 708
"../../../Engine/Plugins/Animation/ControlRig/Content/Controls/ControlRig_Box_1mm.uasset" 709
"../../../Engine/Plugins/Animation/ControlRig/Content/Controls/ControlRig_Box_1mm.uexp" 710
"../../../Engine/Plugins/Animation/ControlRig/Content/Controls/ControlRig_Box_3mm.ubulk" 711
"../../../Engine/Plugins/Animation/ControlRig/Content/Controls/ControlRig_Box_3mm.uasset" 712
"../../../Engine/Plugins/Animation/ControlRig/Content/Controls/ControlRig_Box_3mm.uexp" 713
"../../../Engine/Plugins/Animation/ControlRig/Content/Controls/ControlRig_Box_solid.ubulk" 714
"../../../Engine/Plugins/Animation/ControlRig/Content/Controls/ControlRig_Box_solid.uasset" 715
"../../../Engine/Plugins/Animation/ControlRig/Content/Controls/ControlRig_Box_solid.uexp" 716
"../../../Engine/Plugins/Animation/ControlRig/Content/Controls/ControlRig_Circle_1mm.ubulk" 717
"../../../Engine/Plugins/Animation/ControlRig/Content/Controls/ControlRig_Circle_1mm.uasset" 718
"../../../Engine/Plugins/Animation/ControlRig/Content/Controls/ControlRig_Circle_1mm.uexp" 719
"../../../Engine/Plugins/Animation/ControlRig/Content/Controls/ControlRig_Circle_3mm.ubulk" 720
"../../../Engine/Plugins/Animation/ControlRig/Content/Controls/ControlRig_Circle_3mm.uasset" 721
"../../../Engine/Plugins/Animation/ControlRig/Content/Controls/ControlRig_Circle_3mm.uexp" 722
"../../../Engine/Plugins/Animation/ControlRig/Content/Controls/ControlRig_Circle_solid.ubulk" 723
"../../../Engine/Plugins/Animation/ControlRig/Content/Controls/ControlRig_Circle_solid.uasset" 724
"../../../Engine/Plugins/Animation/ControlRig/Content/Controls/ControlRig_Circle_solid.uexp" 725
"../../../Engine/Plugins/Animation/ControlRig/Content/Controls/ControlRig_Diamond_1mm.ubulk" 726
"../../../Engine/Plugins/Animation/ControlRig/Content/Controls/ControlRig_Diamond_1mm.uasset" 727
"../../../Engine/Plugins/Animation/ControlRig/Content/Controls/ControlRig_Diamond_1mm.uexp" 728
"../../../Engine/Plugins/Animation/ControlRig/Content/Controls/ControlRig_Diamond_3mm.ubulk" 729
"../../../Engine/Plugins/Animation/ControlRig/Content/Controls/ControlRig_Diamond_3mm.uasset" 730
"../../../Engine/Plugins/Animation/ControlRig/Content/Controls/ControlRig_Diamond_3mm.uexp" 731
"../../../Engine/Plugins/Animation/ControlRig/Content/Controls/ControlRig_Diamond_solid.ubulk" 732
"../../../Engine/Plugins/Animation/ControlRig/Content/Controls/ControlRig_Diamond_solid.uasset" 733
"../../../Engine/Plugins/Animation/ControlRig/Content/Controls/ControlRig_Diamond_solid.uexp" 734
"../../../Engine/Plugins/Animation/ControlRig/Content/Controls/ControlRig_HalfCircle_1mm.ubulk" 735
"../../../Engine/Plugins/Animation/ControlRig/Content/Controls/ControlRig_HalfCircle_1mm.uasset" 736
"../../../Engine/Plugins/Animation/ControlRig/Content/Controls/ControlRig_HalfCircle_1mm.uexp" 737
"../../../Engine/Plugins/Animation/ControlRig/Content/Controls/ControlRig_HalfCircle_3mm.ubulk" 738
"../../../Engine/Plugins/Animation/ControlRig/Content/Controls/ControlRig_HalfCircle_3mm.uasset" 739
"../../../Engine/Plugins/Animation/ControlRig/Content/Controls/ControlRig_HalfCircle_3mm.uexp" 740
"../../../Engine/Plugins/Animation/ControlRig/Content/Controls/ControlRig_HalfCircle_solid.ubulk" 741
"../../../Engine/Plugins/Animation/ControlRig/Content/Controls/ControlRig_HalfCircle_solid.uasset" 742
"../../../Engine/Plugins/Animation/ControlRig/Content/Controls/ControlRig_HalfCircle_solid.uexp" 743
"../../../Engine/Plugins/Animation/ControlRig/Content/Controls/ControlRig_Hexagon_1mm.ubulk" 744
"../../../Engine/Plugins/Animation/ControlRig/Content/Controls/ControlRig_Hexagon_1mm.uasset" 745
"../../../Engine/Plugins/Animation/ControlRig/Content/Controls/ControlRig_Hexagon_1mm.uexp" 746
"../../../Engine/Plugins/Animation/ControlRig/Content/Controls/ControlRig_Hexagon_3mm.ubulk" 747
"../../../Engine/Plugins/Animation/ControlRig/Content/Controls/ControlRig_Hexagon_3mm.uasset" 748
"../../../Engine/Plugins/Animation/ControlRig/Content/Controls/ControlRig_Hexagon_3mm.uexp" 749
"../../../Engine/Plugins/Animation/ControlRig/Content/Controls/ControlRig_Hexagon_solid.ubulk" 750
"../../../Engine/Plugins/Animation/ControlRig/Content/Controls/ControlRig_Hexagon_solid.uasset" 751
"../../../Engine/Plugins/Animation/ControlRig/Content/Controls/ControlRig_Hexagon_solid.uexp" 752
"../../../Engine/Plugins/Animation/ControlRig/Content/Controls/ControlRig_Octagon_1mm.ubulk" 753
"../../../Engine/Plugins/Animation/ControlRig/Content/Controls/ControlRig_Octagon_1mm.uasset" 754
"../../../Engine/Plugins/Animation/ControlRig/Content/Controls/ControlRig_Octagon_1mm.uexp" 755
"../../../Engine/Plugins/Animation/ControlRig/Content/Controls/ControlRig_Octagon_3mm.ubulk" 756
"../../../Engine/Plugins/Animation/ControlRig/Content/Controls/ControlRig_Octagon_3mm.uasset" 757
"../../../Engine/Plugins/Animation/ControlRig/Content/Controls/ControlRig_Octagon_3mm.uexp" 758
"../../../Engine/Plugins/Animation/ControlRig/Content/Controls/ControlRig_Octagon_solid.ubulk" 759
"../../../Engine/Plugins/Animation/ControlRig/Content/Controls/ControlRig_Octagon_solid.uasset" 760
"../../../Engine/Plugins/Animation/ControlRig/Content/Controls/ControlRig_Octagon_solid.uexp" 761
"../../../Engine/Plugins/Animation/ControlRig/Content/Controls/ControlRig_Pyramid_1mm.ubulk" 762
"../../../Engine/Plugins/Animation/ControlRig/Content/Controls/ControlRig_Pyramid_1mm.uasset" 763
"../../../Engine/Plugins/Animation/ControlRig/Content/Controls/ControlRig_Pyramid_1mm.uexp" 764
"../../../Engine/Plugins/Animation/ControlRig/Content/Controls/ControlRig_Pyramid_3mm.ubulk" 765
"../../../Engine/Plugins/Animation/ControlRig/Content/Controls/ControlRig_Pyramid_3mm.uasset" 766
"../../../Engine/Plugins/Animation/ControlRig/Content/Controls/ControlRig_Pyramid_3mm.uexp" 767
"../../../Engine/Plugins/Animation/ControlRig/Content/Controls/ControlRig_Pyramid_solid.ubulk" 768
"../../../Engine/Plugins/Animation/ControlRig/Content/Controls/ControlRig_Pyramid_solid.uasset" 769
"../../../Engine/Plugins/Animation/ControlRig/Content/Controls/ControlRig_Pyramid_solid.uexp" 770
"../../../Engine/Plugins/Animation/ControlRig/Content/Controls/ControlRig_QuarterCircle_1mm.ubulk" 771
"../../../Engine/Plugins/Animation/ControlRig/Content/Controls/ControlRig_QuarterCircle_1mm.uasset" 772
"../../../Engine/Plugins/Animation/ControlRig/Content/Controls/ControlRig_QuarterCircle_1mm.uexp" 773
"../../../Engine/Plugins/Animation/ControlRig/Content/Controls/ControlRig_QuarterCircle_3mm.ubulk" 774
"../../../Engine/Plugins/Animation/ControlRig/Content/Controls/ControlRig_QuarterCircle_3mm.uasset" 775
"../../../Engine/Plugins/Animation/ControlRig/Content/Controls/ControlRig_QuarterCircle_3mm.uexp" 776
"../../../Engine/Plugins/Animation/ControlRig/Content/Controls/ControlRig_QuarterCircle_solid.ubulk" 777
"../../../Engine/Plugins/Animation/ControlRig/Content/Controls/ControlRig_QuarterCircle_solid.uasset" 778
"../../../Engine/Plugins/Animation/ControlRig/Content/Controls/ControlRig_QuarterCircle_solid.uexp" 779
"../../../Engine/Plugins/Animation/ControlRig/Content/Controls/ControlRig_RoundedSquare_1mm.ubulk" 780
"../../../Engine/Plugins/Animation/ControlRig/Content/Controls/ControlRig_RoundedSquare_1mm.uasset" 781
"../../../Engine/Plugins/Animation/ControlRig/Content/Controls/ControlRig_RoundedSquare_1mm.uexp" 782
"../../../Engine/Plugins/Animation/ControlRig/Content/Controls/ControlRig_RoundedSquare_3mm.ubulk" 783
"../../../Engine/Plugins/Animation/ControlRig/Content/Controls/ControlRig_RoundedSquare_3mm.uasset" 784
"../../../Engine/Plugins/Animation/ControlRig/Content/Controls/ControlRig_RoundedSquare_3mm.uexp" 785
"../../../Engine/Plugins/Animation/ControlRig/Content/Controls/ControlRig_RoundedSquare_solid.ubulk" 786
"../../../Engine/Plugins/Animation/ControlRig/Content/Controls/ControlRig_RoundedSquare_solid.uasset" 787
"../../../Engine/Plugins/Animation/ControlRig/Content/Controls/ControlRig_RoundedSquare_solid.uexp" 788
"../../../Engine/Plugins/Animation/ControlRig/Content/Controls/ControlRig_RoundedTriangle_1mm.ubulk" 789
"../../../Engine/Plugins/Animation/ControlRig/Content/Controls/ControlRig_RoundedTriangle_1mm.uasset" 790
"../../../Engine/Plugins/Animation/ControlRig/Content/Controls/ControlRig_RoundedTriangle_1mm.uexp" 791
"../../../Engine/Plugins/Animation/ControlRig/Content/Controls/ControlRig_RoundedTriangle_3mm.ubulk" 792
"../../../Engine/Plugins/Animation/ControlRig/Content/Controls/ControlRig_RoundedTriangle_3mm.uasset" 793
"../../../Engine/Plugins/Animation/ControlRig/Content/Controls/ControlRig_RoundedTriangle_3mm.uexp" 794
"../../../Engine/Plugins/Animation/ControlRig/Content/Controls/ControlRig_RoundedTriangle_solid.ubulk" 795
"../../../Engine/Plugins/Animation/ControlRig/Content/Controls/ControlRig_RoundedTriangle_solid.uasset" 796
"../../../Engine/Plugins/Animation/ControlRig/Content/Controls/ControlRig_RoundedTriangle_solid.uexp" 797
"../../../Engine/Plugins/Animation/ControlRig/Content/Controls/ControlRig_Sphere_1mm.ubulk" 798
"../../../Engine/Plugins/Animation/ControlRig/Content/Controls/ControlRig_Sphere_1mm.uasset" 799
"../../../Engine/Plugins/Animation/ControlRig/Content/Controls/ControlRig_Sphere_1mm.uexp" 800
"../../../Engine/Plugins/Animation/ControlRig/Content/Controls/ControlRig_Sphere_3mm.ubulk" 801
"../../../Engine/Plugins/Animation/ControlRig/Content/Controls/ControlRig_Sphere_3mm.uasset" 802
"../../../Engine/Plugins/Animation/ControlRig/Content/Controls/ControlRig_Sphere_3mm.uexp" 803
"../../../Engine/Plugins/Animation/ControlRig/Content/Controls/ControlRig_Sphere_solid.ubulk" 804
"../../../Engine/Plugins/Animation/ControlRig/Content/Controls/ControlRig_Sphere_solid.uasset" 805
"../../../Engine/Plugins/Animation/ControlRig/Content/Controls/ControlRig_Sphere_solid.uexp" 806
"../../../Engine/Plugins/Animation/ControlRig/Content/Controls/ControlRig_Square_1mm.ubulk" 807
"../../../Engine/Plugins/Animation/ControlRig/Content/Controls/ControlRig_Square_1mm.uasset" 808
"../../../Engine/Plugins/Animation/ControlRig/Content/Controls/ControlRig_Square_1mm.uexp" 809
"../../../Engine/Plugins/Animation/ControlRig/Content/Controls/ControlRig_Square_3mm.ubulk" 810
"../../../Engine/Plugins/Animation/ControlRig/Content/Controls/ControlRig_Square_3mm.uasset" 811
"../../../Engine/Plugins/Animation/ControlRig/Content/Controls/ControlRig_Square_3mm.uexp" 812
"../../../Engine/Plugins/Animation/ControlRig/Content/Controls/ControlRig_Square_solid.ubulk" 813
"../../../Engine/Plugins/Animation/ControlRig/Content/Controls/ControlRig_Square_solid.uasset" 814
"../../../Engine/Plugins/Animation/ControlRig/Content/Controls/ControlRig_Square_solid.uexp" 815
"../../../Engine/Plugins/Animation/ControlRig/Content/Controls/ControlRig_Star4_1mm.ubulk" 816
"../../../Engine/Plugins/Animation/ControlRig/Content/Controls/ControlRig_Star4_1mm.uasset" 817
"../../../Engine/Plugins/Animation/ControlRig/Content/Controls/ControlRig_Star4_1mm.uexp" 818
"../../../Engine/Plugins/Animation/ControlRig/Content/Controls/ControlRig_Star4_3mm.ubulk" 819
"../../../Engine/Plugins/Animation/ControlRig/Content/Controls/ControlRig_Star4_3mm.uasset" 820
"../../../Engine/Plugins/Animation/ControlRig/Content/Controls/ControlRig_Star4_3mm.uexp" 821
"../../../Engine/Plugins/Animation/ControlRig/Content/Controls/ControlRig_Star4_solid.ubulk" 822
"../../../Engine/Plugins/Animation/ControlRig/Content/Controls/ControlRig_Star4_solid.uasset" 823
"../../../Engine/Plugins/Animation/ControlRig/Content/Controls/ControlRig_Star4_solid.uexp" 824
"../../../Engine/Plugins/Animation/ControlRig/Content/Controls/ControlRig_Triangle_1mm.ubulk" 825
"../../../Engine/Plugins/Animation/ControlRig/Content/Controls/ControlRig_Triangle_1mm.uasset" 826
"../../../Engine/Plugins/Animation/ControlRig/Content/Controls/ControlRig_Triangle_1mm.uexp" 827
"../../../Engine/Plugins/Animation/ControlRig/Content/Controls/ControlRig_Triangle_3mm.ubulk" 828
"../../../Engine/Plugins/Animation/ControlRig/Content/Controls/ControlRig_Triangle_3mm.uasset" 829
"../../../Engine/Plugins/Animation/ControlRig/Content/Controls/ControlRig_Triangle_3mm.uexp" 830
"../../../Engine/Plugins/Animation/ControlRig/Content/Controls/ControlRig_Triangle_solid.ubulk" 831
"../../../Engine/Plugins/Animation/ControlRig/Content/Controls/ControlRig_Triangle_solid.uasset" 832
"../../../Engine/Plugins/Animation/ControlRig/Content/Controls/ControlRig_Triangle_solid.uexp" 833
"../../../Engine/Plugins/Animation/ControlRig/Content/Controls/ControlRig_Wedge_1mm.ubulk" 834
"../../../Engine/Plugins/Animation/ControlRig/Content/Controls/ControlRig_Wedge_1mm.uasset" 835
"../../../Engine/Plugins/Animation/ControlRig/Content/Controls/ControlRig_Wedge_1mm.uexp" 836
"../../../Engine/Plugins/Animation/ControlRig/Content/Controls/ControlRig_Wedge_3mm.ubulk" 837
"../../../Engine/Plugins/Animation/ControlRig/Content/Controls/ControlRig_Wedge_3mm.uasset" 838
"../../../Engine/Plugins/Animation/ControlRig/Content/Controls/ControlRig_Wedge_3mm.uexp" 839
"../../../Engine/Plugins/Animation/ControlRig/Content/Controls/ControlRig_Wedge_solid.ubulk" 840
"../../../Engine/Plugins/Animation/ControlRig/Content/Controls/ControlRig_Wedge_solid.uasset" 841
"../../../Engine/Plugins/Animation/ControlRig/Content/Controls/ControlRig_Wedge_solid.uexp" 842
"C:/Users/PC/Documents/Unreal Projects/SafeRun/Content/Sounds/frightening-pumping-sound-of-dripping-drops-in-an-empty-abandoned-room.ubulk" 843
"C:/Users/PC/Documents/Unreal Projects/SafeRun/Content/Sounds/frightening-pumping-sound-of-dripping-drops-in-an-empty-abandoned-room.uasset" 844
"C:/Users/PC/Documents/Unreal Projects/SafeRun/Content/Sounds/frightening-pumping-sound-of-dripping-drops-in-an-empty-abandoned-room.uexp" 845
"C:/Users/PC/Documents/Unreal Projects/SafeRun/Content/Sounds/SA_Dripping.uasset" 846
"C:/Users/PC/Documents/Unreal Projects/SafeRun/Content/Sounds/SA_Dripping.uexp" 847
"C:/Users/PC/Documents/Unreal Projects/SafeRun/Content/Sounds/SC_Dripping.uasset" 848
"C:/Users/PC/Documents/Unreal Projects/SafeRun/Content/Sounds/SC_Dripping.uexp" 849
"C:/Users/PC/Documents/Unreal Projects/SafeRun/Content/Sounds/fantasy-cosmic-wind.ubulk" 850
"C:/Users/PC/Documents/Unreal Projects/SafeRun/Content/Sounds/fantasy-cosmic-wind.uasset" 851
"C:/Users/PC/Documents/Unreal Projects/SafeRun/Content/Sounds/fantasy-cosmic-wind.uexp" 852
"C:/Users/PC/Documents/Unreal Projects/SafeRun/Content/Sounds/SA_Wind.uasset" 853
"C:/Users/PC/Documents/Unreal Projects/SafeRun/Content/Sounds/SA_Wind.uexp" 854
"C:/Users/PC/Documents/Unreal Projects/SafeRun/Content/Sounds/SC_Wind.uasset" 855
"C:/Users/PC/Documents/Unreal Projects/SafeRun/Content/Sounds/SC_Wind.uexp" 856
"../../../Engine/Content/EngineMaterials/WeightMapPlaceholderTexture.uasset" 857
"../../../Engine/Content/EngineMaterials/WeightMapPlaceholderTexture.uexp" 858
"../../../Engine/Content/EngineMaterials/WeightMapArrayPlaceholderTexture.uasset" 859
"../../../Engine/Content/EngineMaterials/WeightMapArrayPlaceholderTexture.uexp" 860
"../../../Engine/Content/EngineResources/WhiteSquareTexture.uasset" 861
"../../../Engine/Content/EngineResources/WhiteSquareTexture.uexp" 862
"../../../Engine/Content/EngineMaterials/Widget3DPassThrough.uasset" 863
"../../../Engine/Content/EngineMaterials/Widget3DPassThrough.uexp" 864
"../../../Engine/Content/EngineMaterials/Widget3DPassThrough_Masked.uasset" 865
"../../../Engine/Content/EngineMaterials/Widget3DPassThrough_Masked.uexp" 866
"../../../Engine/Content/EngineMaterials/Widget3DPassThrough_Opaque.uasset" 867
"../../../Engine/Content/EngineMaterials/Widget3DPassThrough_Opaque.uexp" 868
"../../../Engine/Content/EngineMaterials/Widget3DPassThrough_Masked_OneSided.uasset" 869
"../../../Engine/Content/EngineMaterials/Widget3DPassThrough_Masked_OneSided.uexp" 870
"../../../Engine/Content/EngineMaterials/Widget3DPassThrough_Opaque_OneSided.uasset" 871
"../../../Engine/Content/EngineMaterials/Widget3DPassThrough_Opaque_OneSided.uexp" 872
"../../../Engine/Content/EngineMaterials/Widget3DPassThrough_Translucent.uasset" 873
"../../../Engine/Content/EngineMaterials/Widget3DPassThrough_Translucent.uexp" 874
"../../../Engine/Content/EngineMaterials/Widget3DPassThrough_Translucent_OneSided.uasset" 875
"../../../Engine/Content/EngineMaterials/Widget3DPassThrough_Translucent_OneSided.uexp" 876
"../../../Engine/Content/Functions/Engine_MaterialFunctions03/Math/WithinRangeFloat2.uasset" 877
"../../../Engine/Content/Functions/Engine_MaterialFunctions03/Math/WithinRangeFloat2.uexp" 878
"../../../Engine/Content/EngineMaterials/DefaultMaterial.uasset" 879
"../../../Engine/Content/EngineMaterials/DefaultMaterial.uexp" 880
"../../../Engine/Content/BasicShapes/Cone.ubulk" 881
"../../../Engine/Content/BasicShapes/Cone.uasset" 882
"../../../Engine/Content/BasicShapes/Cone.uexp" 883
"../../../Engine/Content/BasicShapes/Cube.ubulk" 884
"../../../Engine/Content/BasicShapes/Cube.uasset" 885
"../../../Engine/Content/BasicShapes/Cube.uexp" 886
"../../../Engine/Content/BasicShapes/Cylinder.ubulk" 887
"../../../Engine/Content/BasicShapes/Cylinder.uasset" 888
"../../../Engine/Content/BasicShapes/Cylinder.uexp" 889
"../../../Engine/Content/BasicShapes/Sphere.ubulk" 890
"../../../Engine/Content/BasicShapes/Sphere.uasset" 891
"../../../Engine/Content/BasicShapes/Sphere.uexp" 892
"../../../Engine/Plugins/Media/MediaPlate/Content/SM_MediaPlateScreen.ubulk" 893
"../../../Engine/Plugins/Media/MediaPlate/Content/SM_MediaPlateScreen.uasset" 894
"../../../Engine/Plugins/Media/MediaPlate/Content/SM_MediaPlateScreen.uexp" 895
"../../../Engine/Plugins/2D/Paper2D/Content/DefaultSpriteMaterial.uasset" 896
"../../../Engine/Plugins/2D/Paper2D/Content/DefaultSpriteMaterial.uexp" 897
"../../../Engine/Plugins/2D/Paper2D/Content/MaskedUnlitSpriteMaterial.uasset" 898
"../../../Engine/Plugins/2D/Paper2D/Content/MaskedUnlitSpriteMaterial.uexp" 899
"../../../Engine/Plugins/2D/Paper2D/Content/OpaqueUnlitSpriteMaterial.uasset" 900
"../../../Engine/Plugins/2D/Paper2D/Content/OpaqueUnlitSpriteMaterial.uexp" 901
"../../../Engine/Content/Functions/Engine_MaterialFunctions02/SplitComponents.uasset" 902
"../../../Engine/Content/Functions/Engine_MaterialFunctions02/SplitComponents.uexp" 903
"../../../Engine/Plugins/Animation/DeformerGraph/Content/DeformerFunctions/DG_Function_LinearBlendSkin_Morph_Cloth.uasset" 904
"../../../Engine/Plugins/Animation/DeformerGraph/Content/DeformerFunctions/DG_Function_LinearBlendSkin_Morph_Cloth.uexp" 905
"../../../Engine/Plugins/Animation/DeformerGraph/Content/Deformers/DG_LinearBlendSkin_Morph_Cloth.uasset" 906
"../../../Engine/Plugins/Animation/DeformerGraph/Content/Deformers/DG_LinearBlendSkin_Morph_Cloth.uexp" 907
"../../../Engine/Plugins/Animation/DeformerGraph/Content/DeformerFunctions/DG_Function_LinearBlendSkin_Morph_Cloth_PositionOnly.uasset" 908
"../../../Engine/Plugins/Animation/DeformerGraph/Content/DeformerFunctions/DG_Function_LinearBlendSkin_Morph_Cloth_PositionOnly.uexp" 909
"../../../Engine/Plugins/Animation/DeformerGraph/Content/DeformerFunctions/DG_Function_ComputeNormalsTangents.uasset" 910
"../../../Engine/Plugins/Animation/DeformerGraph/Content/DeformerFunctions/DG_Function_ComputeNormalsTangents.uexp" 911
"../../../Engine/Plugins/Animation/DeformerGraph/Content/Deformers/DG_LinearBlendSkin_Morph_Cloth_RecomputeNormals.uasset" 912
"../../../Engine/Plugins/Animation/DeformerGraph/Content/Deformers/DG_LinearBlendSkin_Morph_Cloth_RecomputeNormals.uexp" 913
"../../../Engine/Content/EngineResources/LandscapeVisibilityLayerInfo.uasset" 914
"../../../Engine/Content/EngineResources/LandscapeVisibilityLayerInfo.uexp" 915
"../../../Engine/Plugins/NNE/NNEDenoiser/Content/NNEDT_Oidn2-3_Balanced.uasset" 916
"../../../Engine/Plugins/NNE/NNEDenoiser/Content/NNEDT_Oidn2-3_Balanced.uexp" 917
"../../../Engine/Plugins/NNE/NNEDenoiser/Content/NNEDT_Oidn2-3_Balanced_Alpha.uasset" 918
"../../../Engine/Plugins/NNE/NNEDenoiser/Content/NNEDT_Oidn2-3_Balanced_Alpha.uexp" 919
"../../../Engine/Plugins/NNE/NNEDenoiser/Content/NNED_Oidn2-3_Balanced.uasset" 920
"../../../Engine/Plugins/NNE/NNEDenoiser/Content/NNED_Oidn2-3_Balanced.uexp" 921
"../../../Engine/Plugins/NNE/NNEDenoiser/Content/NNED_Oidn2-3_Balanced_Alpha.uasset" 922
"../../../Engine/Plugins/NNE/NNEDenoiser/Content/NNED_Oidn2-3_Balanced_Alpha.uexp" 923
"../../../Engine/Plugins/NNE/NNEDenoiser/Content/NNED_Oidn2-3_Fast.uasset" 924
"../../../Engine/Plugins/NNE/NNEDenoiser/Content/NNED_Oidn2-3_Fast.uexp" 925
"../../../Engine/Plugins/NNE/NNEDenoiser/Content/NNED_Oidn2-3_Fast_Alpha.uasset" 926
"../../../Engine/Plugins/NNE/NNEDenoiser/Content/NNED_Oidn2-3_Fast_Alpha.uexp" 927
"../../../Engine/Plugins/NNE/NNEDenoiser/Content/NNED_Oidn2-3_HighQuality.uasset" 928
"../../../Engine/Plugins/NNE/NNEDenoiser/Content/NNED_Oidn2-3_HighQuality.uexp" 929
"../../../Engine/Plugins/NNE/NNEDenoiser/Content/NNED_Oidn2-3_HighQuality_Alpha.uasset" 930
"../../../Engine/Plugins/NNE/NNEDenoiser/Content/NNED_Oidn2-3_HighQuality_Alpha.uexp" 931
"../../../Engine/Plugins/NNE/NNEDenoiser/Content/NNE_oidn2-3-0_rt_hdr_alb_nrm_small__dyn__fp16_opset11_DenoiseAlpha.uasset" 932
"../../../Engine/Plugins/NNE/NNEDenoiser/Content/NNE_oidn2-3-0_rt_hdr_alb_nrm_small__dyn__fp16_opset11_DenoiseAlpha.uexp" 933
"../../../Engine/Plugins/NNE/NNEDenoiser/Content/NNE_oidn2-3-0_rt_hdr_alb_nrm_small__dyn__fp16_opset11_ForwardAlpha.uasset" 934
"../../../Engine/Plugins/NNE/NNEDenoiser/Content/NNE_oidn2-3-0_rt_hdr_alb_nrm_small__dyn__fp16_opset11_ForwardAlpha.uexp" 935
"../../../Engine/Plugins/NNE/NNEDenoiser/Content/NNE_oidn2-3-0_rt_hdr_alb_nrm__dyn__fp16_opset11_DenoiseAlpha.uasset" 936
"../../../Engine/Plugins/NNE/NNEDenoiser/Content/NNE_oidn2-3-0_rt_hdr_alb_nrm__dyn__fp16_opset11_DenoiseAlpha.uexp" 937
"../../../Engine/Plugins/NNE/NNEDenoiser/Content/NNE_oidn2-3-0_rt_hdr_alb_nrm__dyn__fp16_opset11_ForwardAlpha.uasset" 938
"../../../Engine/Plugins/NNE/NNEDenoiser/Content/NNE_oidn2-3-0_rt_hdr_alb_nrm__dyn__fp16_opset11_ForwardAlpha.uexp" 939
"../../../Engine/Plugins/NNE/NNEDenoiser/Content/NNE_oidn2-3-0_rt_hdr_calb_cnrm_large__dyn__fp16_opset11_DenoiseAlpha.uasset" 940
"../../../Engine/Plugins/NNE/NNEDenoiser/Content/NNE_oidn2-3-0_rt_hdr_calb_cnrm_large__dyn__fp16_opset11_DenoiseAlpha.uexp" 941
"../../../Engine/Plugins/NNE/NNEDenoiser/Content/NNE_oidn2-3-0_rt_hdr_calb_cnrm_large__dyn__fp16_opset11_ForwardAlpha.uasset" 942
"../../../Engine/Plugins/NNE/NNEDenoiser/Content/NNE_oidn2-3-0_rt_hdr_calb_cnrm_large__dyn__fp16_opset11_ForwardAlpha.uexp" 943
"../../../Engine/Content/Maps/Entry_BuiltData.uasset" 944
"../../../Engine/Content/Maps/Entry_BuiltData.uexp" 945
"../../../Engine/Content/Maps/Entry.uexp" 946
"../../../Engine/Content/Maps/Entry.umap" 947
"C:/Users/PC/Documents/Unreal Projects/SafeRun/Content/Levels/GM_OurGame.uasset" 948
"C:/Users/PC/Documents/Unreal Projects/SafeRun/Content/Levels/GM_OurGame.uexp" 949
"C:/Users/PC/Documents/Unreal Projects/SafeRun/Content/Levels/MainScene.uexp" 950
"C:/Users/PC/Documents/Unreal Projects/SafeRun/Content/Levels/MainScene.ubulk" 951
"C:/Users/PC/Documents/Unreal Projects/SafeRun/Content/Levels/MainScene.umap" 952
"../../../Engine/Content/BasicShapes/Plane.ubulk" 953
"../../../Engine/Content/BasicShapes/Plane.uasset" 954
"../../../Engine/Content/BasicShapes/Plane.uexp" 955
"../../../Engine/Content/MapTemplates/SM_Template_Map_Floor.ubulk" 956
"../../../Engine/Content/MapTemplates/SM_Template_Map_Floor.uasset" 957
"../../../Engine/Content/MapTemplates/SM_Template_Map_Floor.uexp" 958
"../../../Engine/Content/EngineSky/T_Sky_Stars.ubulk" 959
"../../../Engine/Content/EngineSky/T_Sky_Stars.uasset" 960
"../../../Engine/Content/EngineSky/T_Sky_Stars.uexp" 961
"../../../Engine/Content/EngineSky/T_Sky_Clouds_M.ubulk" 962
"../../../Engine/Content/EngineSky/T_Sky_Clouds_M.uasset" 963
"../../../Engine/Content/EngineSky/T_Sky_Clouds_M.uexp" 964
"../../../Engine/Content/EngineSky/T_Sky_Blue.ubulk" 965
"../../../Engine/Content/EngineSky/T_Sky_Blue.uasset" 966
"../../../Engine/Content/EngineSky/T_Sky_Blue.uexp" 967
"../../../Engine/Content/EngineSky/M_Sky_Panning_Clouds2.uasset" 968
"../../../Engine/Content/EngineSky/M_Sky_Panning_Clouds2.uexp" 969
"../../../Engine/Content/EngineSky/SM_SkySphere.ubulk" 970
"../../../Engine/Content/EngineSky/SM_SkySphere.uasset" 971
"../../../Engine/Content/EngineSky/SM_SkySphere.uexp" 972
"../../../Engine/Content/EngineSky/M_SimpleSkyDome.uasset" 973
"../../../Engine/Content/EngineSky/M_SimpleSkyDome.uexp" 974
"../../../Engine/Content/EngineSky/VolumetricClouds/VT_PerlinWorley_Balanced.uasset" 975
"../../../Engine/Content/EngineSky/VolumetricClouds/VT_PerlinWorley_Balanced.uexp" 976
"../../../Engine/Content/EngineSky/VolumetricClouds/T_Profile_08.ubulk" 977
"../../../Engine/Content/EngineSky/VolumetricClouds/T_Profile_08.uasset" 978
"../../../Engine/Content/EngineSky/VolumetricClouds/T_Profile_08.uexp" 979
"../../../Engine/Content/EngineSky/VolumetricClouds/T_CloudPattern.ubulk" 980
"../../../Engine/Content/EngineSky/VolumetricClouds/T_CloudPattern.uasset" 981
"../../../Engine/Content/EngineSky/VolumetricClouds/T_CloudPattern.uexp" 982
"../../../Engine/Content/EngineSky/VolumetricClouds/T_CloudMask.ubulk" 983
"../../../Engine/Content/EngineSky/VolumetricClouds/T_CloudMask.uasset" 984
"../../../Engine/Content/EngineSky/VolumetricClouds/T_CloudMask.uexp" 985
"../../../Engine/Content/Functions/Engine_MaterialFunctions02/Utility/BreakOutFloat4Components.uasset" 986
"../../../Engine/Content/Functions/Engine_MaterialFunctions02/Utility/BreakOutFloat4Components.uexp" 987
"../../../Engine/Content/Functions/Engine_MaterialFunctions02/Utility/MakeFloat4.uasset" 988
"../../../Engine/Content/Functions/Engine_MaterialFunctions02/Utility/MakeFloat4.uexp" 989
"../../../Engine/Content/EngineResources/DefaultVolumeTexture2D.uasset" 990
"../../../Engine/Content/EngineResources/DefaultVolumeTexture2D.uexp" 991
"../../../Engine/Content/EngineResources/DefaultVolumeTexture.uasset" 992
"../../../Engine/Content/EngineResources/DefaultVolumeTexture.uexp" 993
"../../../Engine/Content/EngineSky/VolumetricClouds/VT_Lightning.uasset" 994
"../../../Engine/Content/EngineSky/VolumetricClouds/VT_Lightning.uexp" 995
"../../../Engine/Content/Functions/Engine_MaterialFunctions01/Units/Km-to-Cm.uasset" 996
"../../../Engine/Content/Functions/Engine_MaterialFunctions01/Units/Km-to-Cm.uexp" 997
"../../../Engine/Content/EngineSky/VolumetricClouds/m_SimpleVolumetricCloud.uasset" 998
"../../../Engine/Content/EngineSky/VolumetricClouds/m_SimpleVolumetricCloud.uexp" 999
"../../../Engine/Content/EngineSky/VolumetricClouds/m_SimpleVolumetricCloud_Inst.uasset" 1000
"../../../Engine/Content/EngineSky/VolumetricClouds/m_SimpleVolumetricCloud_Inst.uexp" 1001
"C:/Users/PC/Documents/Unreal Projects/SafeRun/Content/Sounds/timeless-romance_88927.ubulk" 1002
"C:/Users/PC/Documents/Unreal Projects/SafeRun/Content/Sounds/timeless-romance_88927.uasset" 1003
"C:/Users/PC/Documents/Unreal Projects/SafeRun/Content/Sounds/timeless-romance_88927.uexp" 1004
"C:/Users/PC/Documents/Unreal Projects/SafeRun/Content/Sounds/SA_Final.uasset" 1005
"C:/Users/PC/Documents/Unreal Projects/SafeRun/Content/Sounds/SA_Final.uexp" 1006
"C:/Users/PC/Documents/Unreal Projects/SafeRun/Content/Sounds/SC_Final.uasset" 1007
"C:/Users/PC/Documents/Unreal Projects/SafeRun/Content/Sounds/SC_Final.uexp" 1008
"C:/Users/PC/Documents/Unreal Projects/SafeRun/Content/Enviropmants/Tree/bushflowers.uasset" 1009
"C:/Users/PC/Documents/Unreal Projects/SafeRun/Content/Enviropmants/Tree/bushflowers.uexp" 1010
"C:/Users/PC/Documents/Unreal Projects/SafeRun/Content/Enviropmants/Tree/bushflowers_Mat.uasset" 1011
"C:/Users/PC/Documents/Unreal Projects/SafeRun/Content/Enviropmants/Tree/bushflowers_Mat.uexp" 1012
"C:/Users/PC/Documents/Unreal Projects/SafeRun/Content/Enviropmants/Tree/bushnormal.ubulk" 1013
"C:/Users/PC/Documents/Unreal Projects/SafeRun/Content/Enviropmants/Tree/bushnormal.uasset" 1014
"C:/Users/PC/Documents/Unreal Projects/SafeRun/Content/Enviropmants/Tree/bushnormal.uexp" 1015
"C:/Users/PC/Documents/Unreal Projects/SafeRun/Content/Enviropmants/Tree/bushnormal_Mat.uasset" 1016
"C:/Users/PC/Documents/Unreal Projects/SafeRun/Content/Enviropmants/Tree/bushnormal_Mat.uexp" 1017
"C:/Users/PC/Documents/Unreal Projects/SafeRun/Content/Enviropmants/Tree/Clover_Patches_on_Grass_sgmkajak_1K_Specular.ubulk" 1018
"C:/Users/PC/Documents/Unreal Projects/SafeRun/Content/Enviropmants/Tree/Clover_Patches_on_Grass_sgmkajak_1K_Specular.uasset" 1019
"C:/Users/PC/Documents/Unreal Projects/SafeRun/Content/Enviropmants/Tree/Clover_Patches_on_Grass_sgmkajak_1K_Specular.uexp" 1020
"C:/Users/PC/Documents/Unreal Projects/SafeRun/Content/Enviropmants/Tree/Clover_Patches_on_Grass_sgmkajak_1K_Roughness.ubulk" 1021
"C:/Users/PC/Documents/Unreal Projects/SafeRun/Content/Enviropmants/Tree/Clover_Patches_on_Grass_sgmkajak_1K_Roughness.uasset" 1022
"C:/Users/PC/Documents/Unreal Projects/SafeRun/Content/Enviropmants/Tree/Clover_Patches_on_Grass_sgmkajak_1K_Roughness.uexp" 1023
"C:/Users/PC/Documents/Unreal Projects/SafeRun/Content/Enviropmants/Tree/Clover_Patches_on_Grass_sgmkajak_1K_Normal.ubulk" 1024
"C:/Users/PC/Documents/Unreal Projects/SafeRun/Content/Enviropmants/Tree/Clover_Patches_on_Grass_sgmkajak_1K_Normal.uasset" 1025
"C:/Users/PC/Documents/Unreal Projects/SafeRun/Content/Enviropmants/Tree/Clover_Patches_on_Grass_sgmkajak_1K_Normal.uexp" 1026
"C:/Users/PC/Documents/Unreal Projects/SafeRun/Content/Enviropmants/Tree/Clover_Patches_on_Grass_sgmkajak_1K_Gloss.ubulk" 1027
"C:/Users/PC/Documents/Unreal Projects/SafeRun/Content/Enviropmants/Tree/Clover_Patches_on_Grass_sgmkajak_1K_Gloss.uasset" 1028
"C:/Users/PC/Documents/Unreal Projects/SafeRun/Content/Enviropmants/Tree/Clover_Patches_on_Grass_sgmkajak_1K_Gloss.uexp" 1029
"C:/Users/PC/Documents/Unreal Projects/SafeRun/Content/Enviropmants/Tree/Clover_Patches_on_Grass_sgmkajak_1K_Displacement.ubulk" 1030
"C:/Users/PC/Documents/Unreal Projects/SafeRun/Content/Enviropmants/Tree/Clover_Patches_on_Grass_sgmkajak_1K_Displacement.uasset" 1031
"C:/Users/PC/Documents/Unreal Projects/SafeRun/Content/Enviropmants/Tree/Clover_Patches_on_Grass_sgmkajak_1K_Displacement.uexp" 1032
"C:/Users/PC/Documents/Unreal Projects/SafeRun/Content/Enviropmants/Tree/Clover_Patches_on_Grass_sgmkajak_1K_Cavity.ubulk" 1033
"C:/Users/PC/Documents/Unreal Projects/SafeRun/Content/Enviropmants/Tree/Clover_Patches_on_Grass_sgmkajak_1K_Cavity.uasset" 1034
"C:/Users/PC/Documents/Unreal Projects/SafeRun/Content/Enviropmants/Tree/Clover_Patches_on_Grass_sgmkajak_1K_Cavity.uexp" 1035
"C:/Users/PC/Documents/Unreal Projects/SafeRun/Content/Enviropmants/Tree/Clover_Patches_on_Grass_sgmkajak_1K_BaseColor.ubulk" 1036
"C:/Users/PC/Documents/Unreal Projects/SafeRun/Content/Enviropmants/Tree/Clover_Patches_on_Grass_sgmkajak_1K_BaseColor.uasset" 1037
"C:/Users/PC/Documents/Unreal Projects/SafeRun/Content/Enviropmants/Tree/Clover_Patches_on_Grass_sgmkajak_1K_BaseColor.uexp" 1038
"C:/Users/PC/Documents/Unreal Projects/SafeRun/Content/Enviropmants/Tree/M_Grass.uasset" 1039
"C:/Users/PC/Documents/Unreal Projects/SafeRun/Content/Enviropmants/Tree/M_Grass.uexp" 1040
"C:/Users/PC/Documents/Unreal Projects/SafeRun/Content/Enviropmants/Tree/tree1.uasset" 1041
"C:/Users/PC/Documents/Unreal Projects/SafeRun/Content/Enviropmants/Tree/tree1.uexp" 1042
"C:/Users/PC/Documents/Unreal Projects/SafeRun/Content/Enviropmants/Tree/tree1_Mat.uasset" 1043
"C:/Users/PC/Documents/Unreal Projects/SafeRun/Content/Enviropmants/Tree/tree1_Mat.uexp" 1044
"C:/Users/PC/Documents/Unreal Projects/SafeRun/Content/Enviropmants/Tree/tree2.uasset" 1045
"C:/Users/PC/Documents/Unreal Projects/SafeRun/Content/Enviropmants/Tree/tree2.uexp" 1046
"C:/Users/PC/Documents/Unreal Projects/SafeRun/Content/Enviropmants/Tree/tree2_Mat.uasset" 1047
"C:/Users/PC/Documents/Unreal Projects/SafeRun/Content/Enviropmants/Tree/tree2_Mat.uexp" 1048
"C:/Users/PC/Documents/Unreal Projects/SafeRun/Content/Levels/FinalScene.uexp" 1049
"C:/Users/PC/Documents/Unreal Projects/SafeRun/Content/Levels/FinalScene.umap" 1050
"C:/Users/PC/Documents/Unreal Projects/SafeRun/Content/Levels/MainMenu/W_MainMenu.uasset" 1051
"C:/Users/PC/Documents/Unreal Projects/SafeRun/Content/Levels/MainMenu/W_MainMenu.uexp" 1052
"C:/Users/PC/Documents/Unreal Projects/SafeRun/Content/Levels/MainMenu/MainMenuGameMod.uasset" 1053
"C:/Users/PC/Documents/Unreal Projects/SafeRun/Content/Levels/MainMenu/MainMenuGameMod.uexp" 1054
"C:/Users/PC/Documents/Unreal Projects/SafeRun/Content/Levels/MainMenu/MainMenu.uexp" 1055
"C:/Users/PC/Documents/Unreal Projects/SafeRun/Content/Levels/MainMenu/MainMenu.umap" 1056
"C:/Users/PC/Documents/Unreal Projects/SafeRun/Content/Levels/MainScene/_Generated_/6ZVJ9TXHMIAQNL0Z8YE02HJU7.uexp" 1057
"C:/Users/PC/Documents/Unreal Projects/SafeRun/Content/Levels/MainScene/_Generated_/6ZVJ9TXHMIAQNL0Z8YE02HJU7.umap" 1058
"C:/Users/PC/Documents/Unreal Projects/SafeRun/Content/Levels/MainScene/_Generated_/66378GL0IPSFQ8J7HJTB5LK4L.uexp" 1059
"C:/Users/PC/Documents/Unreal Projects/SafeRun/Content/Levels/MainScene/_Generated_/66378GL0IPSFQ8J7HJTB5LK4L.umap" 1060
"C:/Users/PC/Documents/Unreal Projects/SafeRun/Content/Levels/MainScene/_Generated_/8P17I17CR21ZEHDVM243765UA.uexp" 1061
"C:/Users/PC/Documents/Unreal Projects/SafeRun/Content/Levels/MainScene/_Generated_/8P17I17CR21ZEHDVM243765UA.umap" 1062
"C:/Users/PC/Documents/Unreal Projects/SafeRun/Content/Levels/MainScene/_Generated_/AB3P9U2Y2QISJOZXNWIFYZMN5.uexp" 1063
"C:/Users/PC/Documents/Unreal Projects/SafeRun/Content/Levels/MainScene/_Generated_/AB3P9U2Y2QISJOZXNWIFYZMN5.umap" 1064
